Archive member included because of file (symbol)

.\CortexM3\ARM_GCC_493\Debug\ProyectoFinal.a(cyfitter_cfg.o)
                              .\CortexM3\ARM_GCC_493\Debug\Cm3Start.o (cyfitter_cfg)
.\CortexM3\ARM_GCC_493\Debug\ProyectoFinal.a(ADC.o)
                              .\CortexM3\ARM_GCC_493\Debug\main.o (ADC_Start)
.\CortexM3\ARM_GCC_493\Debug\ProyectoFinal.a(ADC_INT.o)
                              .\CortexM3\ARM_GCC_493\Debug\ProyectoFinal.a(ADC.o) (ADC_ISR1)
.\CortexM3\ARM_GCC_493\Debug\ProyectoFinal.a(LCD.o)
                              .\CortexM3\ARM_GCC_493\Debug\main.o (LCD_PrintString)
.\CortexM3\ARM_GCC_493\Debug\ProyectoFinal.a(TimeDistMeas.o)
                              .\CortexM3\ARM_GCC_493\Debug\main.o (TimeDistMeas_Start)
.\CortexM3\ARM_GCC_493\Debug\ProyectoFinal.a(Triggen.o)
                              .\CortexM3\ARM_GCC_493\Debug\main.o (Triggen_Write)
.\CortexM3\ARM_GCC_493\Debug\ProyectoFinal.a(DistOutHCSRO4.o)
                              .\CortexM3\ARM_GCC_493\Debug\main.o (DistOutHCSRO4_Read)
.\CortexM3\ARM_GCC_493\Debug\ProyectoFinal.a(ADC_AMux.o)
                              .\CortexM3\ARM_GCC_493\Debug\ProyectoFinal.a(ADC.o) (ADC_AMux_Select)
.\CortexM3\ARM_GCC_493\Debug\ProyectoFinal.a(ADC_Ext_CP_Clk.o)
                              .\CortexM3\ARM_GCC_493\Debug\ProyectoFinal.a(ADC.o) (ADC_Ext_CP_Clk_SetModeRegister)
.\CortexM3\ARM_GCC_493\Debug\ProyectoFinal.a(ADC_theACLK.o)
                              .\CortexM3\ARM_GCC_493\Debug\ProyectoFinal.a(ADC.o) (ADC_theACLK_SetModeRegister)
.\CortexM3\ARM_GCC_493\Debug\ProyectoFinal.a(CyBootAsmGnu.o)
                              .\CortexM3\ARM_GCC_493\Debug\ProyectoFinal.a(cyfitter_cfg.o) (CyDelayCycles)
.\CortexM3\ARM_GCC_493\Debug\ProyectoFinal.a(CyLib.o)
                              .\CortexM3\ARM_GCC_493\Debug\Cm3Start.o (CyHalt)
.\CortexM3\ARM_GCC_493\Debug\ProyectoFinal.a(cyPm.o)
                              .\CortexM3\ARM_GCC_493\Debug\ProyectoFinal.a(CyLib.o) (CyPmReadStatus)
.\CortexM3\ARM_GCC_493\Debug\ProyectoFinal.a(foto.o)
                              .\CortexM3\ARM_GCC_493\Debug\main.o (foto_Write)
.\CortexM3\ARM_GCC_493\Debug\ProyectoFinal.a(CyFlash.o)
                              .\CortexM3\ARM_GCC_493\Debug\ProyectoFinal.a(cyPm.o) (CyFlash_SetWaitCycles)
.\CortexM3\ARM_GCC_493\Debug\ProyectoFinal.a(CySpc.o)
                              .\CortexM3\ARM_GCC_493\Debug\ProyectoFinal.a(CyFlash.o) (CySpcStart)
c:/program files (x86)/cypress/psoc creator/3.3/psoc creator/import/gnu/arm/4.9.3/bin/../lib/gcc/arm-none-eabi/4.9.3/armv7-m\libgcc.a(_arm_addsubdf3.o)
                              .\CortexM3\ARM_GCC_493\Debug\ProyectoFinal.a(ADC.o) (__aeabi_f2d)
c:/program files (x86)/cypress/psoc creator/3.3/psoc creator/import/gnu/arm/4.9.3/bin/../lib/gcc/arm-none-eabi/4.9.3/armv7-m\libgcc.a(_arm_cmpdf2.o)
                              .\CortexM3\ARM_GCC_493\Debug\ProyectoFinal.a(ADC.o) (__aeabi_dcmpgt)
c:/program files (x86)/cypress/psoc creator/3.3/psoc creator/import/gnu/arm/4.9.3/bin/../lib/gcc/arm-none-eabi/4.9.3/armv7-m\libgcc.a(_arm_addsubsf3.o)
                              .\CortexM3\ARM_GCC_493\Debug\main.o (__aeabi_fsub)
c:/program files (x86)/cypress/psoc creator/3.3/psoc creator/import/gnu/arm/4.9.3/bin/../lib/gcc/arm-none-eabi/4.9.3/armv7-m\libgcc.a(_arm_muldivsf3.o)
                              .\CortexM3\ARM_GCC_493\Debug\ProyectoFinal.a(ADC.o) (__aeabi_fmul)
c:/program files (x86)/cypress/psoc creator/3.3/psoc creator/import/gnu/arm/4.9.3/bin/../lib/gcc/arm-none-eabi/4.9.3/armv7-m\libgcc.a(_arm_cmpsf2.o)
                              .\CortexM3\ARM_GCC_493\Debug\main.o (__aeabi_fcmplt)
c:/program files (x86)/cypress/psoc creator/3.3/psoc creator/import/gnu/arm/4.9.3/bin/../lib/gcc/arm-none-eabi/4.9.3/armv7-m\libgcc.a(_arm_fixunssfsi.o)
                              .\CortexM3\ARM_GCC_493\Debug\ProyectoFinal.a(ADC.o) (__aeabi_f2uiz)
c:/program files (x86)/cypress/psoc creator/3.3/psoc creator/import/gnu/arm/4.9.3/bin/../lib/gcc/arm-none-eabi/4.9.3/../../../../arm-none-eabi/lib/armv7-m\libg_nano.a(lib_a-errno.o)
                              .\CortexM3\ARM_GCC_493\Debug\Cm3Start.o (__errno)
c:/program files (x86)/cypress/psoc creator/3.3/psoc creator/import/gnu/arm/4.9.3/bin/../lib/gcc/arm-none-eabi/4.9.3/../../../../arm-none-eabi/lib/armv7-m\libg_nano.a(lib_a-exit.o)
                              c:/program files (x86)/cypress/psoc creator/3.3/psoc creator/import/gnu/arm/4.9.3/bin/../lib/gcc/arm-none-eabi/4.9.3/../../../../arm-none-eabi/lib/armv7-m/crt0.o (exit)
c:/program files (x86)/cypress/psoc creator/3.3/psoc creator/import/gnu/arm/4.9.3/bin/../lib/gcc/arm-none-eabi/4.9.3/../../../../arm-none-eabi/lib/armv7-m\libg_nano.a(lib_a-impure.o)
[...]
Memory Configuration

Name             Origin             Length             Attributes
rom              0x00000000         0x00040000         xr
ram              0x1fff8000         0x00010000         xrw
*default*        0x00000000         0xffffffff

Linker script and memory map

LOAD c:/program files (x86)/cypress/psoc creator/3.3/psoc creator/import/gnu/arm/4.9.3/bin/../lib/gcc/arm-none-eabi/4.9.3/armv7-m/crti.o
LOAD c:/program files (x86)/cypress/psoc creator/3.3/psoc creator/import/gnu/arm/4.9.3/bin/../lib/gcc/arm-none-eabi/4.9.3/armv7-m/crtbegin.o
LOAD c:/program files (x86)/cypress/psoc creator/3.3/psoc creator/import/gnu/arm/4.9.3/bin/../lib/gcc/arm-none-eabi/4.9.3/../../../../arm-none-eabi/lib/armv7-m/crt0.o
START GROUP
LOAD .\CortexM3\ARM_GCC_493\Debug\main.o
LOAD .\CortexM3\ARM_GCC_493\Debug\cymetadata.o
LOAD .\CortexM3\ARM_GCC_493\Debug\Cm3Start.o
LOAD .\CortexM3\ARM_GCC_493\Debug\ProyectoFinal.a
LOAD C:\Program Files (x86)\Cypress\PSoC Creator\3.3\PSoC Creator\psoc\content\cycomponentlibrary\CyComponentLibrary.cylib\CortexM3\ARM_GCC_493\Debug\CyComponentLibrary.a
END GROUP
START GROUP
LOAD c:/program files (x86)/cypress/psoc creator/3.3/psoc creator/import/gnu/arm/4.9.3/bin/../lib/gcc/arm-none-eabi/4.9.3/armv7-m\libgcc.a
LOAD c:/program files (x86)/cypress/psoc creator/3.3/psoc creator/import/gnu/arm/4.9.3/bin/../lib/gcc/arm-none-eabi/4.9.3/../../../../arm-none-eabi/lib/armv7-m\libg_nano.a
LOAD c:/program files (x86)/cypress/psoc creator/3.3/psoc creator/import/gnu/arm/4.9.3/bin/../lib/gcc/arm-none-eabi/4.9.3/../../../../arm-none-eabi/lib/armv7-m\libc_nano.a
END GROUP
START GROUP
LOAD c:/program files (x86)/cypress/psoc creator/3.3/psoc creator/import/gnu/arm/4.9.3/bin/../lib/gcc/arm-none-eabi/4.9.3/armv7-m\libgcc.a
LOAD c:/program files (x86)/cypress/psoc creator/3.3/psoc creator/import/gnu/arm/4.9.3/bin/../lib/gcc/arm-none-eabi/4.9.3/../../../../arm-none-eabi/lib/armv7-m\libc_nano.a
END GROUP
LOAD c:/program files (x86)/cypress/psoc creator/3.3/psoc creator/import/gnu/arm/4.9.3/bin/../lib/gcc/arm-none-eabi/4.9.3/armv7-m/crtend.o
LOAD c:/program files (x86)/cypress/psoc creator/3.3/psoc creator/import/gnu/arm/4.9.3/bin/../lib/gcc/arm-none-eabi/4.9.3/armv7-m/crtn.o
START GROUP
LOAD c:/program files (x86)/cypress/psoc creator/3.3/psoc creator/import/gnu/arm/4.9.3/bin/../lib/gcc/arm-none-eabi/4.9.3/armv7-m\libgcc.a
LOAD c:/program files (x86)/cypress/psoc creator/3.3/psoc creator/import/gnu/arm/4.9.3/bin/../lib/gcc/arm-none-eabi/4.9.3/../../../../arm-none-eabi/lib/armv7-m\libc.a
LOAD c:/program files (x86)/cypress/psoc creator/3.3/psoc creator/import/gnu/arm/4.9.3/bin/../lib/gcc/arm-none-eabi/4.9.3/../../../../arm-none-eabi/lib/armv7-m\libnosys.a
END GROUP
                0x00000000                CY_APPL_ORIGIN = 0x0
                0x00000100                CY_FLASH_ROW_SIZE = 0x100
                0x00000020                CY_ECC_ROW_SIZE = 0x20
                0x00000000                CY_EE_IN_BTLDR = 0x0
                0x00000000                CY_APPL_LOADABLE = 0x0
                0x00000800                CY_EE_SIZE = 0x800
                0x00000001                CY_APPL_NUM = 0x1
                0x00000001                CY_APPL_MAX = 0x1
                0x00000040                CY_METADATA_SIZE = 0x40
                0x00000000                CY_APPL_LOADABLE = 0x0
                0x00000000                CY_CHECKSUM_EXCLUDE_SIZE = ALIGN (0x0, CY_FLASH_ROW_SIZE)
                0x1fff83f8                PROVIDE (__cy_heap_start, _end)
                0x00000001                PROVIDE (__cy_region_num, ((__cy_regions_end - __cy_regions) / 0x10))
                0x20008000                PROVIDE (__cy_stack, (ORIGIN (ram) + 0x10000))
                0x20007800                PROVIDE (__cy_heap_end, (__cy_stack - 0x800))

.cybootloader   0x00000000        0x0
 *(.cybootloader)
                0x00000000                appl1_start = CY_APPL_ORIGIN?CY_APPL_ORIGIN:ALIGN (CY_FLASH_ROW_SIZE)
                0x0001ff00                appl2_start = (appl1_start + ALIGN ((((0x40000 - appl1_start) - (0x2 * CY_FLASH_ROW_SIZE)) / 0x2), CY_FLASH_ROW_SIZE))
                0x00000000                appl_start = (CY_APPL_NUM == 0x1)?appl1_start:appl2_start
                0x00000000                ecc_offset = ((appl_start / CY_FLASH_ROW_SIZE) * CY_ECC_ROW_SIZE)
                0x00000000                ee_offset = (CY_APPL_LOADABLE && ! (CY_EE_IN_BTLDR))?((CY_EE_SIZE / CY_APPL_MAX) * (CY_APPL_NUM - 0x1)):0x0
                0x00000800                ee_size = (CY_APPL_LOADABLE && ! (CY_EE_IN_BTLDR))?(CY_EE_SIZE / CY_APPL_MAX):CY_EE_SIZE
                0x00000000                PROVIDE (CY_ECC_OFFSET, ecc_offset)

.text           0x00000000     0x178e
 CREATE_OBJECT_SYMBOLS
                0x00000000                PROVIDE (__cy_interrupt_vector, RomVectors)
 *(.romvectors)
 .romvectors    0x00000000       0x10 .\CortexM3\ARM_GCC_493\Debug\Cm3Start.o
                0x00000000                RomVectors
                0x00000001                ASSERT ((. != __cy_interrupt_vector), No interrupt vector)
                0x00000001                ASSERT (CY_APPL_ORIGIN?(SIZEOF (.cybootloader) <= CY_APPL_ORIGIN):0x1, Wrong image location)
                0x00000010                PROVIDE (__cy_reset, Reset)
 *(.text.Reset)
 .text.Reset    0x00000010       0x18 .\CortexM3\ARM_GCC_493\Debug\Cm3Start.o
                0x00000010                Reset
                0x00000001                ASSERT ((. != __cy_reset), No reset code)
 *(.dma_init)
                0x00000001                ASSERT ((((appl_start + .) <= 0x10000) || 0x1), DMA Init must be within the first 64k of flash)
 *(.text .text.* .gnu.linkonce.t.*)
 .text          0x00000028       0x5c c:/program files (x86)/cypress/psoc creator/3.3/psoc creator/import/gnu/arm/4.9.3/bin/../lib/gcc/arm-none-eabi/4.9.3/armv7-m/crtbegin.o
 .text.UltraSonidos
                0x00000084      0x110 .\CortexM3\ARM_GCC_493\Debug\main.o
                0x00000084                UltraSonidos
 .text.get_width
                0x00000194       0xac .\CortexM3\ARM_GCC_493\Debug\main.o
                0x00000194                get_width
 .text.main     0x00000240       0x98 .\CortexM3\ARM_GCC_493\Debug\main.o
                0x00000240                main
 .text.IntDefaultHandler
                0x000002d8        0x4 .\CortexM3\ARM_GCC_493\Debug\Cm3Start.o
                0x000002d8                IntDefaultHandler
 .text.Start_c  0x000002dc       0x4c .\CortexM3\ARM_GCC_493\Debug\Cm3Start.o
                0x000002dc                Start_c
 .text.initialize_psoc
                0x00000328       0x74 .\CortexM3\ARM_GCC_493\Debug\Cm3Start.o
                0x00000328                initialize_psoc
 .text.CyClockStartupError
                0x0000039c        0x4 .\CortexM3\ARM_GCC_493\Debug\ProyectoFinal.a(cyfitter_cfg.o)
 .text.cfg_write_bytes32
                0x000003a0       0x34 .\CortexM3\ARM_GCC_493\Debug\ProyectoFinal.a(cyfitter_cfg.o)
 .text.AnalogSetDefault
                0x000003d4       0x40 .\CortexM3\ARM_GCC_493\Debug\ProyectoFinal.a(cyfitter_cfg.o)
 .text.CYMEMZERO
                0x00000414        0xc .\CortexM3\ARM_GCC_493\Debug\ProyectoFinal.a(cyfitter_cfg.o)
 .text.CYCONFIGCPY
                0x00000420        0x8 .\CortexM3\ARM_GCC_493\Debug\ProyectoFinal.a(cyfitter_cfg.o)
 .text.ClockSetup
                0x00000428       0xf0 .\CortexM3\ARM_GCC_493\Debug\ProyectoFinal.a(cyfitter_cfg.o)
 .text.ADC_AMux_Set
                0x00000518       0x1c .\CortexM3\ARM_GCC_493\Debug\ProyectoFinal.a(cyfitter_cfg.o)
                0x00000518                ADC_AMux_Set
 .text.ADC_AMux_Unset
                0x00000534       0x1c .\CortexM3\ARM_GCC_493\Debug\ProyectoFinal.a(cyfitter_cfg.o)
                0x00000534                ADC_AMux_Unset
 .text.cyfitter_cfg
                0x00000550       0xf4 .\CortexM3\ARM_GCC_493\Debug\ProyectoFinal.a(cyfitter_cfg.o)
                0x00000550                cyfitter_cfg
 .text.ADC_GainCompensation
                0x00000644       0xcc .\CortexM3\ARM_GCC_493\Debug\ProyectoFinal.a(ADC.o)
 .text.ADC_SetDSMRef0Reg
                0x00000710       0x4c .\CortexM3\ARM_GCC_493\Debug\ProyectoFinal.a(ADC.o)
 .text.ADC_InitConfig
                0x0000075c       0xdc .\CortexM3\ARM_GCC_493\Debug\ProyectoFinal.a(ADC.o)
 .text.ADC_Init
                0x00000838       0xc4 .\CortexM3\ARM_GCC_493\Debug\ProyectoFinal.a(ADC.o)
                0x00000838                ADC_Init
 .text.ADC_Enable
                0x000008fc       0xd8 .\CortexM3\ARM_GCC_493\Debug\ProyectoFinal.a(ADC.o)
                0x000008fc                ADC_Enable
 .text.ADC_Start
                0x000009d4       0x28 .\CortexM3\ARM_GCC_493\Debug\ProyectoFinal.a(ADC.o)
                0x000009d4                ADC_Start
 .text.ADC_StartConvert
                0x000009fc       0x10 .\CortexM3\ARM_GCC_493\Debug\ProyectoFinal.a(ADC.o)
                0x000009fc                ADC_StartConvert
 .text.ADC_IsEndConversion
                0x00000a0c       0x30 .\CortexM3\ARM_GCC_493\Debug\ProyectoFinal.a(ADC.o)
                0x00000a0c                ADC_IsEndConversion
 .text.ADC_GetResult8
                0x00000a3c       0x48 .\CortexM3\ARM_GCC_493\Debug\ProyectoFinal.a(ADC.o)
                0x00000a3c                ADC_GetResult8
 .text.ADC_ISR1
                0x00000a84        0x4 .\CortexM3\ARM_GCC_493\Debug\ProyectoFinal.a(ADC_INT.o)
                0x00000a84                ADC_ISR1
 .text.LCD_WrCntrlNib
                0x00000a88       0x34 .\CortexM3\ARM_GCC_493\Debug\ProyectoFinal.a(LCD.o)
 .text.LCD_WrDatNib
                0x00000abc       0x44 .\CortexM3\ARM_GCC_493\Debug\ProyectoFinal.a(LCD.o)
 .text.LCD_IsReady
                0x00000b00       0xe4 .\CortexM3\ARM_GCC_493\Debug\ProyectoFinal.a(LCD.o)
                0x00000b00                LCD_IsReady
 .text.LCD_WriteData
                0x00000be4       0x18 .\CortexM3\ARM_GCC_493\Debug\ProyectoFinal.a(LCD.o)
                0x00000be4                LCD_WriteData
 .text.LCD_PrintString
                0x00000bfc       0x1c .\CortexM3\ARM_GCC_493\Debug\ProyectoFinal.a(LCD.o)
                0x00000bfc                LCD_PrintString
 .text.LCD_PutChar
                0x00000c18        0x8 .\CortexM3\ARM_GCC_493\Debug\ProyectoFinal.a(LCD.o)
                0x00000c18                LCD_PutChar
 .text.LCD_WriteControl
                0x00000c20       0x18 .\CortexM3\ARM_GCC_493\Debug\ProyectoFinal.a(LCD.o)
                0x00000c20                LCD_WriteControl
 .text.LCD_Init
                0x00000c38       0x6c .\CortexM3\ARM_GCC_493\Debug\ProyectoFinal.a(LCD.o)
                0x00000c38                LCD_Init
 .text.LCD_Enable
                0x00000ca4       0x14 .\CortexM3\ARM_GCC_493\Debug\ProyectoFinal.a(LCD.o)
                0x00000ca4                LCD_Enable
 .text.LCD_Start
                0x00000cb8       0x1c .\CortexM3\ARM_GCC_493\Debug\ProyectoFinal.a(LCD.o)
                0x00000cb8                LCD_Start
 .text.LCD_Position
                0x00000cd4       0x3c .\CortexM3\ARM_GCC_493\Debug\ProyectoFinal.a(LCD.o)
                0x00000cd4                LCD_Position
 .text.LCD_PrintInt8
                0x00000d10       0x20 .\CortexM3\ARM_GCC_493\Debug\ProyectoFinal.a(LCD.o)
                0x00000d10                LCD_PrintInt8
 .text.TimeDistMeas_Enable
                0x00000d30       0x28 .\CortexM3\ARM_GCC_493\Debug\ProyectoFinal.a(TimeDistMeas.o)
                0x00000d30                TimeDistMeas_Enable
 .text.TimeDistMeas_SetInterruptMode
                0x00000d58        0xc .\CortexM3\ARM_GCC_493\Debug\ProyectoFinal.a(TimeDistMeas.o)
                0x00000d58                TimeDistMeas_SetInterruptMode
 .text.TimeDistMeas_WritePeriod
                0x00000d64        0xc .\CortexM3\ARM_GCC_493\Debug\ProyectoFinal.a(TimeDistMeas.o)
                0x00000d64                TimeDistMeas_WritePeriod
 .text.TimeDistMeas_WriteCounter
                0x00000d70        0xc .\CortexM3\ARM_GCC_493\Debug\ProyectoFinal.a(TimeDistMeas.o)
                0x00000d70                TimeDistMeas_WriteCounter
 .text.TimeDistMeas_Init
                0x00000d7c       0x8c .\CortexM3\ARM_GCC_493\Debug\ProyectoFinal.a(TimeDistMeas.o)
                0x00000d7c                TimeDistMeas_Init
 .text.TimeDistMeas_Start
                0x00000e08       0x1c .\CortexM3\ARM_GCC_493\Debug\ProyectoFinal.a(TimeDistMeas.o)
                0x00000e08                TimeDistMeas_Start
 .text.TimeDistMeas_ReadCounter
                0x00000e24       0x14 .\CortexM3\ARM_GCC_493\Debug\ProyectoFinal.a(TimeDistMeas.o)
                0x00000e24                TimeDistMeas_ReadCounter
 .text.Triggen_Write
                0x00000e38        0xc .\CortexM3\ARM_GCC_493\Debug\ProyectoFinal.a(Triggen.o)
                0x00000e38                Triggen_Write
 .text.DistOutHCSRO4_Read
                0x00000e44       0x10 .\CortexM3\ARM_GCC_493\Debug\ProyectoFinal.a(DistOutHCSRO4.o)
                0x00000e44                DistOutHCSRO4_Read
 .text.ADC_AMux_Start
                0x00000e54       0x20 .\CortexM3\ARM_GCC_493\Debug\ProyectoFinal.a(ADC_AMux.o)
                0x00000e54                ADC_AMux_Start
 .text.ADC_AMux_Select
                0x00000e74       0x18 .\CortexM3\ARM_GCC_493\Debug\ProyectoFinal.a(ADC_AMux.o)
                0x00000e74                ADC_AMux_Select
 .text.ADC_Ext_CP_Clk_GetDividerRegister
                0x00000e8c        0xc .\CortexM3\ARM_GCC_493\Debug\ProyectoFinal.a(ADC_Ext_CP_Clk.o)
                0x00000e8c                ADC_Ext_CP_Clk_GetDividerRegister
 .text.ADC_Ext_CP_Clk_SetModeRegister
                0x00000e98       0x14 .\CortexM3\ARM_GCC_493\Debug\ProyectoFinal.a(ADC_Ext_CP_Clk.o)
                0x00000e98                ADC_Ext_CP_Clk_SetModeRegister
 .text.ADC_Ext_CP_Clk_GetSourceRegister
                0x00000eac       0x10 .\CortexM3\ARM_GCC_493\Debug\ProyectoFinal.a(ADC_Ext_CP_Clk.o)
                0x00000eac                ADC_Ext_CP_Clk_GetSourceRegister
 .text.ADC_Ext_CP_Clk_SetDividerRegister
                0x00000ebc       0xd8 .\CortexM3\ARM_GCC_493\Debug\ProyectoFinal.a(ADC_Ext_CP_Clk.o)
                0x00000ebc                ADC_Ext_CP_Clk_SetDividerRegister
 .text.ADC_theACLK_GetDividerRegister
                0x00000f94        0xc .\CortexM3\ARM_GCC_493\Debug\ProyectoFinal.a(ADC_theACLK.o)
                0x00000f94                ADC_theACLK_GetDividerRegister
 .text.ADC_theACLK_SetModeRegister
                0x00000fa0       0x14 .\CortexM3\ARM_GCC_493\Debug\ProyectoFinal.a(ADC_theACLK.o)
                0x00000fa0                ADC_theACLK_SetModeRegister
 .text.ADC_theACLK_GetSourceRegister
                0x00000fb4       0x10 .\CortexM3\ARM_GCC_493\Debug\ProyectoFinal.a(ADC_theACLK.o)
                0x00000fb4                ADC_theACLK_GetSourceRegister
 .text.ADC_theACLK_SetDividerRegister
                0x00000fc4       0xd8 .\CortexM3\ARM_GCC_493\Debug\ProyectoFinal.a(ADC_theACLK.o)
                0x00000fc4                ADC_theACLK_SetDividerRegister
 *fill*         0x0000109c        0x4 
 .text          0x000010a0       0x20 .\CortexM3\ARM_GCC_493\Debug\ProyectoFinal.a(CyBootAsmGnu.o)
                0x000010a0                CyDelayCycles
                0x000010b0                CyEnterCriticalSection
                0x000010b8                CyExitCriticalSection
 .text.CyHalt   0x000010c0        0x4 .\CortexM3\ARM_GCC_493\Debug\ProyectoFinal.a(CyLib.o)
                0x000010c0                CyHalt
 .text.CyDelay  0x000010c4       0x2c .\CortexM3\ARM_GCC_493\Debug\ProyectoFinal.a(CyLib.o)
                0x000010c4                CyDelay
 .text.CyDelayUs
                0x000010f0       0x14 .\CortexM3\ARM_GCC_493\Debug\ProyectoFinal.a(CyLib.o)
                0x000010f0                CyDelayUs
 .text.CyIntSetVector
                0x00001104       0x28 .\CortexM3\ARM_GCC_493\Debug\ProyectoFinal.a(CyLib.o)
                0x00001104                CyIntSetVector
 .text.CyIntSetPriority
                0x0000112c       0x30 .\CortexM3\ARM_GCC_493\Debug\ProyectoFinal.a(CyLib.o)
                0x0000112c                CyIntSetPriority
 .text.foto_Write
                0x0000115c       0x18 .\CortexM3\ARM_GCC_493\Debug\ProyectoFinal.a(foto.o)
                0x0000115c                foto_Write
 .text          0x00001174      0x21c c:/program files (x86)/cypress/psoc creator/3.3/psoc creator/import/gnu/arm/4.9.3/bin/../lib/gcc/arm-none-eabi/4.9.3/armv7-m\libgcc.a(_arm_addsubsf3.o)
                0x00001174                __aeabi_frsub
                0x0000117c                __subsf3
                0x0000117c                __aeabi_fsub
                0x00001180                __aeabi_fadd
                0x00001180                __addsf3
                0x000012e0                __aeabi_ui2f
                0x000012e0                __floatunsisf
                0x000012e8                __aeabi_i2f
                0x000012e8                __floatsisf
                0x00001304                __aeabi_ul2f
                0x00001304                __floatundisf
                0x00001314                __aeabi_l2f
                0x00001314                __floatdisf
 .text          0x00001390      0x2a0 c:/program files (x86)/cypress/psoc creator/3.3/psoc creator/import/gnu/arm/4.9.3/bin/../lib/gcc/arm-none-eabi/4.9.3/armv7-m\libgcc.a(_arm_muldivsf3.o)
                0x00001390                __mulsf3
                0x00001390                __aeabi_fmul
                0x000014f8                __aeabi_fdiv
                0x000014f8                __divsf3
 .text          0x00001630       0xec c:/program files (x86)/cypress/psoc creator/3.3/psoc creator/import/gnu/arm/4.9.3/bin/../lib/gcc/arm-none-eabi/4.9.3/armv7-m\libgcc.a(_arm_cmpsf2.o)
                0x00001630                __gesf2
                0x00001630                __gtsf2
                0x00001638                __lesf2
                0x00001638                __ltsf2
                0x00001640                __nesf2
                0x00001640                __eqsf2
                0x00001640                __cmpsf2
                0x000016a0                __aeabi_cfrcmple
                0x000016a8                __aeabi_cfcmpeq
                0x000016a8                __aeabi_cfcmple
                0x000016b8                __aeabi_fcmpeq
                0x000016cc                __aeabi_fcmplt
                0x000016e0                __aeabi_fcmple
                0x000016f4                __aeabi_fcmpge
                0x00001708                __aeabi_fcmpgt
 .text.__libc_init_array
                0x0000171c       0x4c c:/program files (x86)/cypress/psoc creator/3.3/psoc creator/import/gnu/arm/4.9.3/bin/../lib/gcc/arm-none-eabi/4.9.3/../../../../arm-none-eabi/lib/armv7-m\libg_nano.a(lib_a-init.o)
                0x0000171c                __libc_init_array
 .text.memcpy   0x00001768       0x16 c:/program files (x86)/cypress/psoc creator/3.3/psoc creator/import/gnu/arm/4.9.3/bin/../lib/gcc/arm-none-eabi/4.9.3/../../../../arm-none-eabi/lib/armv7-m\libg_nano.a(lib_a-memcpy.o)
                0x00001768                memcpy
 .text.memset   0x0000177e       0x10 c:/program files (x86)/cypress/psoc creator/3.3/psoc creator/import/gnu/arm/4.9.3/bin/../lib/gcc/arm-none-eabi/4.9.3/../../../../arm-none-eabi/lib/armv7-m\libg_nano.a(lib_a-memset.o)
                0x0000177e                memset
 *(.plt)
 *(.gnu.warning)
 *(.glue_7t)
 .glue_7t       0x00000000        0x0 linker stubs
 *(.glue_7)
 .glue_7        0x00000000        0x0 linker stubs
 *(.vfp11_veneer)
 .vfp11_veneer  0x00000000        0x0 linker stubs
 *(.bootloader)
 *(.ARM.extab* .gnu.linkonce.armextab.*)
 *(.gcc_except_table)

.v4_bx          0x00001790        0x0
 .v4_bx         0x00000000        0x0 linker stubs

.iplt           0x00001790        0x0
 .iplt          0x00000000        0x0 c:/program files (x86)/cypress/psoc creator/3.3/psoc creator/import/gnu/arm/4.9.3/bin/../lib/gcc/arm-none-eabi/4.9.3/armv7-m/crtbegin.o

.eh_frame_hdr
 *(.eh_frame_hdr)

.eh_frame       0x00001790        0x4
 *(.eh_frame)
 .eh_frame      0x00001790        0x0 c:/program files (x86)/cypress/psoc creator/3.3/psoc creator/import/gnu/arm/4.9.3/bin/../lib/gcc/arm-none-eabi/4.9.3/armv7-m/crtbegin.o
 .eh_frame      0x00001790        0x4 c:/program files (x86)/cypress/psoc creator/3.3/psoc creator/import/gnu/arm/4.9.3/bin/../lib/gcc/arm-none-eabi/4.9.3/armv7-m/crtend.o
                0x00001794                PROVIDE (__exidx_start, .)

.ARM.exidx
 *(.ARM.exidx* .gnu.linkonce.armexidx.*)
                0x00001794                __exidx_end = .

.rodata         0x00001794       0x9c
 *(.rodata .rodata.* .gnu.linkonce.r.*)
 .rodata.str1.4
                0x00001794       0x10 .\CortexM3\ARM_GCC_493\Debug\main.o
 .rodata        0x000017a4       0x44 .\CortexM3\ARM_GCC_493\Debug\ProyectoFinal.a(cyfitter_cfg.o)
                0x000017a4                ADC_AMux__addrTable
                0x000017ac                ADC_AMux__maskTable
 .rodata        0x000017e8       0x10 .\CortexM3\ARM_GCC_493\Debug\ProyectoFinal.a(LCD.o)
                0x000017f8                . = ALIGN (0x4)
 *(.init)
 .init          0x000017f8        0x4 c:/program files (x86)/cypress/psoc creator/3.3/psoc creator/import/gnu/arm/4.9.3/bin/../lib/gcc/arm-none-eabi/4.9.3/armv7-m/crti.o
                0x000017f8                _init
 .init          0x000017fc        0x8 c:/program files (x86)/cypress/psoc creator/3.3/psoc creator/import/gnu/arm/4.9.3/bin/../lib/gcc/arm-none-eabi/4.9.3/armv7-m/crtn.o
                0x00001804                . = ALIGN (0x4)
                0x00001804                __preinit_array_start = .
 *(.preinit_array)
                0x00001804                __preinit_array_end = .
                0x00001804                . = ALIGN (0x4)
                0x00001804                __init_array_start = .
 *(SORT(.init_array.*))
 *(.init_array)
 .init_array    0x00001804        0x4 c:/program files (x86)/cypress/psoc creator/3.3/psoc creator/import/gnu/arm/4.9.3/bin/../lib/gcc/arm-none-eabi/4.9.3/armv7-m/crtbegin.o
 .init_array    0x00001808        0x4 .\CortexM3\ARM_GCC_493\Debug\Cm3Start.o
                0x0000180c                __init_array_end = .
                0x0000180c                . = ALIGN (0x4)
 *(.fini)
 .fini          0x0000180c        0x4 c:/program files (x86)/cypress/psoc creator/3.3/psoc creator/import/gnu/arm/4.9.3/bin/../lib/gcc/arm-none-eabi/4.9.3/armv7-m/crti.o
                0x0000180c                _fini
 .fini          0x00001810        0x8 c:/program files (x86)/cypress/psoc creator/3.3/psoc creator/import/gnu/arm/4.9.3/bin/../lib/gcc/arm-none-eabi/4.9.3/armv7-m/crtn.o
                0x00001818                . = ALIGN (0x4)
                0x00001818                __fini_array_start = .
 *(.fini_array)
 .fini_array    0x00001818        0x4 c:/program files (x86)/cypress/psoc creator/3.3/psoc creator/import/gnu/arm/4.9.3/bin/../lib/gcc/arm-none-eabi/4.9.3/armv7-m/crtbegin.o
 *(SORT(.fini_array.*))
                0x0000181c                __fini_array_end = .
                0x0000181c                . = ALIGN (0x4)
 *crtbegin.o(.ctors)
 *(EXCLUDE_FILE(*crtend.o) .ctors)
 *(SORT(.ctors.*))
 *crtend.o(.ctors)
                0x0000181c                . = ALIGN (0x4)
 *crtbegin.o(.dtors)
 *(EXCLUDE_FILE(*crtend.o) .dtors)
 *(SORT(.dtors.*))
 *crtend.o(.dtors)
                0x0000181c                . = ALIGN (0x4)
                0x0000181c                __cy_regions = .
                0x0000181c        0x4 LONG 0x1830 __cy_region_init_ram
                0x00001820        0x4 LONG 0x1fff8108 __cy_region_start_data
                0x00001824        0x4 LONG 0x20 __cy_region_init_size_ram
                0x00001828        0x4 LONG 0x2d0 __cy_region_zero_size_ram
                0x0000182c                __cy_regions_end = .
                0x00001830                . = ALIGN (0x8)
 *fill*         0x0000182c        0x4 
                0x00001830                _etext = .

.cy_checksum_exclude
                0x00001830        0x0
 *(.cy_checksum_exclude)

.ramvectors     0x1fff8000      0x100
                0x1fff8000                __cy_region_start_ram = .
 *(.ramvectors)
 .ramvectors    0x1fff8000      0x100 .\CortexM3\ARM_GCC_493\Debug\Cm3Start.o
                0x1fff8000                CyRamVectors

.noinit         0x1fff8100        0x5
 *(.noinit)
 .noinit        0x1fff8100        0x4 .\CortexM3\ARM_GCC_493\Debug\Cm3Start.o
 .noinit        0x1fff8104        0x1 .\CortexM3\ARM_GCC_493\Debug\ProyectoFinal.a(CyLib.o)
                0x1fff8104                CyResetStatus

.data           0x1fff8108       0x20 load address 0x00001830
                0x1fff8108                __cy_region_start_data = .
 *(.jcr)
 .jcr           0x1fff8108        0x0 c:/program files (x86)/cypress/psoc creator/3.3/psoc creator/import/gnu/arm/4.9.3/bin/../lib/gcc/arm-none-eabi/4.9.3/armv7-m/crtbegin.o
 .jcr           0x1fff8108        0x4 c:/program files (x86)/cypress/psoc creator/3.3/psoc creator/import/gnu/arm/4.9.3/bin/../lib/gcc/arm-none-eabi/4.9.3/armv7-m/crtend.o
 *(.got.plt)
 *(.got)
 *(.shdata)
 *(.data .data.* .gnu.linkonce.d.*)
 .data          0x1fff810c        0x8 .\CortexM3\ARM_GCC_493\Debug\main.o
                0x1fff810c                sensibilidad
                0x1fff8110                mueve
 .data          0x1fff8114        0x1 .\CortexM3\ARM_GCC_493\Debug\ProyectoFinal.a(ADC.o)
                0x1fff8114                ADC_Config
 .data          0x1fff8115        0x1 .\CortexM3\ARM_GCC_493\Debug\ProyectoFinal.a(ADC_AMux.o)
 *fill*         0x1fff8116        0x2 
 .data          0x1fff8118       0x10 .\CortexM3\ARM_GCC_493\Debug\ProyectoFinal.a(CyLib.o)
                0x1fff8118                cydelay_32k_ms
                0x1fff811c                cydelay_freq_khz
                0x1fff8120                cydelay_freq_mhz
                0x1fff8124                cydelay_freq_hz
                0x1fff8128                . = ALIGN (0x8)
 *(.ram)
                0x1fff8128                _edata = .

.igot.plt       0x1fff8128        0x0 load address 0x00001850
 .igot.plt      0x00000000        0x0 c:/program files (x86)/cypress/psoc creator/3.3/psoc creator/import/gnu/arm/4.9.3/bin/../lib/gcc/arm-none-eabi/4.9.3/armv7-m/crtbegin.o

.bss            0x1fff8128      0x2d0 load address 0x00001850
                0x1fff8128                PROVIDE (__bss_start__, .)
 *(.shbss)
 *(.bss .bss.* .gnu.linkonce.b.*)
 .bss           0x1fff8128       0x1c c:/program files (x86)/cypress/psoc creator/3.3/psoc creator/import/gnu/arm/4.9.3/bin/../lib/gcc/arm-none-eabi/4.9.3/armv7-m/crtbegin.o
 .bss           0x1fff8144       0x20 .\CortexM3\ARM_GCC_493\Debug\main.o
                0x1fff8144                TimeDistMeas
                0x1fff8148                distmeas
                0x1fff814c                ya_toma
                0x1fff8150                i
                0x1fff8154                distmeas2
                0x1fff8158                width
                0x1fff815c                mov
                0x1fff8160                TimeDistMeas2
 .bss           0x1fff8164        0x8 .\CortexM3\ARM_GCC_493\Debug\ProyectoFinal.a(ADC.o)
                0x1fff8168                ADC_stopConversion
                0x1fff8169                ADC_convDone
                0x1fff816a                ADC_initVar
                0x1fff816b                ADC_started
 .bss           0x1fff816c        0x2 .\CortexM3\ARM_GCC_493\Debug\ProyectoFinal.a(LCD.o)
                0x1fff816c                LCD_enableState
                0x1fff816d                LCD_initVar
 .bss           0x1fff816e        0x1 .\CortexM3\ARM_GCC_493\Debug\ProyectoFinal.a(TimeDistMeas.o)
                0x1fff816e                TimeDistMeas_initVar
 *(COMMON)
 *fill*         0x1fff816f        0x1 
 COMMON         0x1fff8170      0x27d .\CortexM3\ARM_GCC_493\Debug\main.o
                0x1fff8170                lecturas1
                0x1fff819c                dispbuff
                0x1fff81b0                mensaje
                0x1fff81b4                MyArray
                0x1fff83b4                LCD_OutputString
                0x1fff83b8                lecturas2
                0x1fff83e4                signal
                0x1fff83e8                contador
                0x1fff83e9                Potential
                0x1fff83ea                delay
                0x1fff83eb                Width
                0x1fff83ec                true
 *fill*         0x1fff83ed        0x3 
 COMMON         0x1fff83f0        0x8 .\CortexM3\ARM_GCC_493\Debug\ProyectoFinal.a(ADC.o)
                0x1fff83f0                ADC_Offset
                0x1fff83f4                ADC_CountsPerVolt
                0x1fff83f8                . = ALIGN (0x8)
 *(.ram.b)
                0x1fff83f8                _end = .
                0x1fff83f8                __end = .
                0x1fff83f8                PROVIDE (end, .)
                0x1fff83f8                PROVIDE (__bss_end__, .)
                0x00001830                __cy_region_init_ram = LOADADDR (.data)
                0x00000020                __cy_region_init_size_ram = (_edata - ADDR (.data))
                0x000002d0                __cy_region_zero_size_ram = (_end - _edata)

.heap           0x1fff83f8       0x80 load address 0x00001850
                0x1fff83f8                . = _end
                0x1fff8478                . = (. + 0x80)
 *fill*         0x1fff83f8       0x80 
                0x1fff8478                __cy_heap_limit = .

.stack          0x20007800      0x800
                0x20007800                __cy_stack_limit = .
                0x20008000                . = (. + 0x800)
 *fill*         0x20007800      0x800 
                0x00000001                ASSERT ((__cy_stack_limit >= __cy_heap_limit), region RAM overflowed with stack)
                0x00000000                cy_checksum_exclude_size = (CY_APPL_LOADABLE == 0x1)?SIZEOF (.cy_checksum_exclude):0x0
                0x00000001                ASSERT ((cy_checksum_exclude_size <= CY_CHECKSUM_EXCLUDE_SIZE), CY_BOOT: Section .cy_checksum_exclude size exceedes specified limit.)

.cyloadermeta
 *(.cyloadermeta)

.cyloadablemeta
 *(.cyloadablemeta)

.cyconfigecc    0x80000000       0xc0
 *(.cyconfigecc)
 .cyconfigecc   0x80000000       0xc0 .\CortexM3\ARM_GCC_493\Debug\cymetadata.o
                0x80000000                cy_meta_configecc

.cycustnvl      0x90000000        0x4
 *(.cycustnvl)
 .cycustnvl     0x90000000        0x4 .\CortexM3\ARM_GCC_493\Debug\cymetadata.o
                0x90000000                cy_meta_custnvl

.cywolatch      0x90100000        0x4
 *(.cywolatch)
 .cywolatch     0x90100000        0x4 .\CortexM3\ARM_GCC_493\Debug\cymetadata.o
                0x90100000                cy_meta_wonvl

.cyeeprom       0x90200000        0x0
 *(.cyeeprom)
                0x00000001                ASSERT ((. <= ((0x90200000 + ee_offset) + ee_size)), .cyeeprom data will not fit in EEPROM)

.cyflashprotect
                0x90400000      0x100
 *(.cyflashprotect)
 .cyflashprotect
                0x90400000      0x100 .\CortexM3\ARM_GCC_493\Debug\cymetadata.o
                0x90400000                cy_meta_flashprotect

.cymeta         0x90500000        0xc
 *(.cymeta)
 .cymeta        0x90500000        0xc .\CortexM3\ARM_GCC_493\Debug\cymetadata.o
                0x90500000                cy_metadata

.rel.dyn        0x00001850        0x0 load address 0x9050000c
 .rel.iplt      0x00000000        0x0 c:/program files (x86)/cypress/psoc creator/3.3/psoc creator/import/gnu/arm/4.9.3/bin/../lib/gcc/arm-none-eabi/4.9.3/armv7-m/crtbegin.o

.stab
 *(.stab)

.stabstr
 *(.stabstr)

.debug
 *(.debug)

.line
 *(.line)

.debug_srcinfo
 *(.debug_srcinfo)

.debug_sfnames
 *(.debug_sfnames)

.debug_aranges  0x00000000      0x938
 *(.debug_aranges)
 .debug_aranges
                0x00000000       0x30 .\CortexM3\ARM_GCC_493\Debug\main.o
 .debug_aranges
                0x00000030       0x18 .\CortexM3\ARM_GCC_493\Debug\cymetadata.o
 .debug_aranges
                0x00000048       0x48 .\CortexM3\ARM_GCC_493\Debug\Cm3Start.o
 .debug_aranges
                0x00000090       0x68 .\CortexM3\ARM_GCC_493\Debug\ProyectoFinal.a(cyfitter_cfg.o)
 .debug_aranges
                0x000000f8       0xe8 .\CortexM3\ARM_GCC_493\Debug\ProyectoFinal.a(ADC.o)
 .debug_aranges
                0x000001e0       0x38 .\CortexM3\ARM_GCC_493\Debug\ProyectoFinal.a(ADC_INT.o)
 .debug_aranges
                0x00000218       0x98 .\CortexM3\ARM_GCC_493\Debug\ProyectoFinal.a(LCD.o)
 .debug_aranges
                0x000002b0       0x88 .\CortexM3\ARM_GCC_493\Debug\ProyectoFinal.a(TimeDistMeas.o)
 .debug_aranges
                0x00000338       0x28 .\CortexM3\ARM_GCC_493\Debug\ProyectoFinal.a(Triggen.o)
 .debug_aranges
                0x00000360       0x38 .\CortexM3\ARM_GCC_493\Debug\ProyectoFinal.a(DistOutHCSRO4.o)
 .debug_aranges
                0x00000398       0x30 .\CortexM3\ARM_GCC_493\Debug\ProyectoFinal.a(ADC_AMux.o)
 .debug_aranges
                0x000003c8       0x70 .\CortexM3\ARM_GCC_493\Debug\ProyectoFinal.a(ADC_Ext_CP_Clk.o)
 .debug_aranges
                0x00000438       0x80 .\CortexM3\ARM_GCC_493\Debug\ProyectoFinal.a(ADC_theACLK.o)
 .debug_aranges
                0x000004b8       0x20 .\CortexM3\ARM_GCC_493\Debug\ProyectoFinal.a(CyBootAsmGnu.o)
 .debug_aranges
                0x000004d8      0x298 .\CortexM3\ARM_GCC_493\Debug\ProyectoFinal.a(CyLib.o)
 .debug_aranges
                0x00000770       0x98 .\CortexM3\ARM_GCC_493\Debug\ProyectoFinal.a(cyPm.o)
 .debug_aranges
                0x00000808       0x38 .\CortexM3\ARM_GCC_493\Debug\ProyectoFinal.a(foto.o)
 .debug_aranges
                0x00000840       0x80 .\CortexM3\ARM_GCC_493\Debug\ProyectoFinal.a(CyFlash.o)
 .debug_aranges
                0x000008c0       0x78 .\CortexM3\ARM_GCC_493\Debug\ProyectoFinal.a(CySpc.o)

.debug_pubnames
 *(.debug_pubnames)

.debug_info     0x00000000     0x5799
 *(.debug_info .gnu.linkonce.wi.*)
 .debug_info    0x00000000      0x50e .\CortexM3\ARM_GCC_493\Debug\main.o
 .debug_info    0x0000050e      0x13a .\CortexM3\ARM_GCC_493\Debug\cymetadata.o
 .debug_info    0x00000648      0x3a5 .\CortexM3\ARM_GCC_493\Debug\Cm3Start.o
 .debug_info    0x000009ed      0x59a .\CortexM3\ARM_GCC_493\Debug\ProyectoFinal.a(cyfitter_cfg.o)
 .debug_info    0x00000f87      0xa78 .\CortexM3\ARM_GCC_493\Debug\ProyectoFinal.a(ADC.o)
 .debug_info    0x000019ff       0xcc .\CortexM3\ARM_GCC_493\Debug\ProyectoFinal.a(ADC_INT.o)
 .debug_info    0x00001acb      0x716 .\CortexM3\ARM_GCC_493\Debug\ProyectoFinal.a(LCD.o)
 .debug_info    0x000021e1      0x28c .\CortexM3\ARM_GCC_493\Debug\ProyectoFinal.a(TimeDistMeas.o)
 .debug_info    0x0000246d       0xd6 .\CortexM3\ARM_GCC_493\Debug\ProyectoFinal.a(Triggen.o)
 .debug_info    0x00002543      0x11f .\CortexM3\ARM_GCC_493\Debug\ProyectoFinal.a(DistOutHCSRO4.o)
 .debug_info    0x00002662      0x16d .\CortexM3\ARM_GCC_493\Debug\ProyectoFinal.a(ADC_AMux.o)
 .debug_info    0x000027cf      0x283 .\CortexM3\ARM_GCC_493\Debug\ProyectoFinal.a(ADC_Ext_CP_Clk.o)
 .debug_info    0x00002a52      0x2c4 .\CortexM3\ARM_GCC_493\Debug\ProyectoFinal.a(ADC_theACLK.o)
 .debug_info    0x00002d16       0x9f .\CortexM3\ARM_GCC_493\Debug\ProyectoFinal.a(CyBootAsmGnu.o)
 .debug_info    0x00002db5     0x1371 .\CortexM3\ARM_GCC_493\Debug\ProyectoFinal.a(CyLib.o)
 .debug_info    0x00004126      0xa58 .\CortexM3\ARM_GCC_493\Debug\ProyectoFinal.a(cyPm.o)
 .debug_info    0x00004b7e      0x121 .\CortexM3\ARM_GCC_493\Debug\ProyectoFinal.a(foto.o)
 .debug_info    0x00004c9f      0x60a .\CortexM3\ARM_GCC_493\Debug\ProyectoFinal.a(CyFlash.o)
 .debug_info    0x000052a9      0x4f0 .\CortexM3\ARM_GCC_493\Debug\ProyectoFinal.a(CySpc.o)

.debug_abbrev   0x00000000     0x17df
 *(.debug_abbrev)
 .debug_abbrev  0x00000000      0x188 .\CortexM3\ARM_GCC_493\Debug\main.o
 .debug_abbrev  0x00000188       0x5d .\CortexM3\ARM_GCC_493\Debug\cymetadata.o
 .debug_abbrev  0x000001e5      0x20f .\CortexM3\ARM_GCC_493\Debug\Cm3Start.o
 .debug_abbrev  0x000003f4      0x210 .\CortexM3\ARM_GCC_493\Debug\ProyectoFinal.a(cyfitter_cfg.o)
 .debug_abbrev  0x00000604      0x21f .\CortexM3\ARM_GCC_493\Debug\ProyectoFinal.a(ADC.o)
 .debug_abbrev  0x00000823       0x42 .\CortexM3\ARM_GCC_493\Debug\ProyectoFinal.a(ADC_INT.o)
 .debug_abbrev  0x00000865      0x171 .\CortexM3\ARM_GCC_493\Debug\ProyectoFinal.a(LCD.o)
 .debug_abbrev  0x000009d6      0x11a .\CortexM3\ARM_GCC_493\Debug\ProyectoFinal.a(TimeDistMeas.o)
 .debug_abbrev  0x00000af0       0x81 .\CortexM3\ARM_GCC_493\Debug\ProyectoFinal.a(Triggen.o)
 .debug_abbrev  0x00000b71       0x90 .\CortexM3\ARM_GCC_493\Debug\ProyectoFinal.a(DistOutHCSRO4.o)
 .debug_abbrev  0x00000c01       0xcb .\CortexM3\ARM_GCC_493\Debug\ProyectoFinal.a(ADC_AMux.o)
 .debug_abbrev  0x00000ccc      0x139 .\CortexM3\ARM_GCC_493\Debug\ProyectoFinal.a(ADC_Ext_CP_Clk.o)
 .debug_abbrev  0x00000e05      0x121 .\CortexM3\ARM_GCC_493\Debug\ProyectoFinal.a(ADC_theACLK.o)
 .debug_abbrev  0x00000f26       0x14 .\CortexM3\ARM_GCC_493\Debug\ProyectoFinal.a(CyBootAsmGnu.o)
 .debug_abbrev  0x00000f3a      0x296 .\CortexM3\ARM_GCC_493\Debug\ProyectoFinal.a(CyLib.o)
 .debug_abbrev  0x000011d0      0x1ed .\CortexM3\ARM_GCC_493\Debug\ProyectoFinal.a(cyPm.o)
 .debug_abbrev  0x000013bd       0x90 .\CortexM3\ARM_GCC_493\Debug\ProyectoFinal.a(foto.o)
 .debug_abbrev  0x0000144d      0x1d1 .\CortexM3\ARM_GCC_493\Debug\ProyectoFinal.a(CyFlash.o)
 .debug_abbrev  0x0000161e      0x1c1 .\CortexM3\ARM_GCC_493\Debug\ProyectoFinal.a(CySpc.o)

.debug_line     0x00000000     0x23a5
 *(.debug_line)
 .debug_line    0x00000000      0x246 .\CortexM3\ARM_GCC_493\Debug\main.o
 .debug_line    0x00000246       0x53 .\CortexM3\ARM_GCC_493\Debug\cymetadata.o
 .debug_line    0x00000299      0x249 .\CortexM3\ARM_GCC_493\Debug\Cm3Start.o
 .debug_line    0x000004e2      0x20c .\CortexM3\ARM_GCC_493\Debug\ProyectoFinal.a(cyfitter_cfg.o)
 .debug_line    0x000006ee      0x35e .\CortexM3\ARM_GCC_493\Debug\ProyectoFinal.a(ADC.o)
 .debug_line    0x00000a4c       0x82 .\CortexM3\ARM_GCC_493\Debug\ProyectoFinal.a(ADC_INT.o)
 .debug_line    0x00000ace      0x1de .\CortexM3\ARM_GCC_493\Debug\ProyectoFinal.a(LCD.o)
 .debug_line    0x00000cac      0x161 .\CortexM3\ARM_GCC_493\Debug\ProyectoFinal.a(TimeDistMeas.o)
 .debug_line    0x00000e0d       0x71 .\CortexM3\ARM_GCC_493\Debug\ProyectoFinal.a(Triggen.o)
 .debug_line    0x00000e7e       0x9c .\CortexM3\ARM_GCC_493\Debug\ProyectoFinal.a(DistOutHCSRO4.o)
 .debug_line    0x00000f1a       0xae .\CortexM3\ARM_GCC_493\Debug\ProyectoFinal.a(ADC_AMux.o)
 .debug_line    0x00000fc8      0x196 .\CortexM3\ARM_GCC_493\Debug\ProyectoFinal.a(ADC_Ext_CP_Clk.o)
 .debug_line    0x0000115e      0x1b6 .\CortexM3\ARM_GCC_493\Debug\ProyectoFinal.a(ADC_theACLK.o)
 .debug_line    0x00001314       0x68 .\CortexM3\ARM_GCC_493\Debug\ProyectoFinal.a(CyBootAsmGnu.o)
 .debug_line    0x0000137c      0x806 .\CortexM3\ARM_GCC_493\Debug\ProyectoFinal.a(CyLib.o)
 .debug_line    0x00001b82      0x366 .\CortexM3\ARM_GCC_493\Debug\ProyectoFinal.a(cyPm.o)
 .debug_line    0x00001ee8       0x93 .\CortexM3\ARM_GCC_493\Debug\ProyectoFinal.a(foto.o)
 .debug_line    0x00001f7b      0x1ec .\CortexM3\ARM_GCC_493\Debug\ProyectoFinal.a(CyFlash.o)
 .debug_line    0x00002167      0x23e .\CortexM3\ARM_GCC_493\Debug\ProyectoFinal.a(CySpc.o)

.debug_frame    0x00000000     0x178c
 *(.debug_frame)
 .debug_frame   0x00000000       0x64 .\CortexM3\ARM_GCC_493\Debug\main.o
 .debug_frame   0x00000064       0xac .\CortexM3\ARM_GCC_493\Debug\Cm3Start.o
 .debug_frame   0x00000110      0x104 .\CortexM3\ARM_GCC_493\Debug\ProyectoFinal.a(cyfitter_cfg.o)
 .debug_frame   0x00000214      0x278 .\CortexM3\ARM_GCC_493\Debug\ProyectoFinal.a(ADC.o)
 .debug_frame   0x0000048c       0x50 .\CortexM3\ARM_GCC_493\Debug\ProyectoFinal.a(ADC_INT.o)
 .debug_frame   0x000004dc      0x1e4 .\CortexM3\ARM_GCC_493\Debug\ProyectoFinal.a(LCD.o)
 .debug_frame   0x000006c0      0x108 .\CortexM3\ARM_GCC_493\Debug\ProyectoFinal.a(TimeDistMeas.o)
 .debug_frame   0x000007c8       0x30 .\CortexM3\ARM_GCC_493\Debug\ProyectoFinal.a(Triggen.o)
 .debug_frame   0x000007f8       0x50 .\CortexM3\ARM_GCC_493\Debug\ProyectoFinal.a(DistOutHCSRO4.o)
 .debug_frame   0x00000848       0x64 .\CortexM3\ARM_GCC_493\Debug\ProyectoFinal.a(ADC_AMux.o)
 .debug_frame   0x000008ac       0xe0 .\CortexM3\ARM_GCC_493\Debug\ProyectoFinal.a(ADC_Ext_CP_Clk.o)
 .debug_frame   0x0000098c      0x100 .\CortexM3\ARM_GCC_493\Debug\ProyectoFinal.a(ADC_theACLK.o)
 .debug_frame   0x00000a8c      0x728 .\CortexM3\ARM_GCC_493\Debug\ProyectoFinal.a(CyLib.o)
 .debug_frame   0x000011b4      0x1f8 .\CortexM3\ARM_GCC_493\Debug\ProyectoFinal.a(cyPm.o)
 .debug_frame   0x000013ac       0x50 .\CortexM3\ARM_GCC_493\Debug\ProyectoFinal.a(foto.o)
 .debug_frame   0x000013fc      0x174 .\CortexM3\ARM_GCC_493\Debug\ProyectoFinal.a(CyFlash.o)
 .debug_frame   0x00001570      0x160 .\CortexM3\ARM_GCC_493\Debug\ProyectoFinal.a(CySpc.o)
 .debug_frame   0x000016d0       0x20 c:/program files (x86)/cypress/psoc creator/3.3/psoc creator/import/gnu/arm/4.9.3/bin/../lib/gcc/arm-none-eabi/4.9.3/../../../../arm-none-eabi/lib/armv7-m\libg_nano.a(lib_a-errno.o)
 .debug_frame   0x000016f0       0x28 c:/program files (x86)/cypress/psoc creator/3.3/psoc creator/import/gnu/arm/4.9.3/bin/../lib/gcc/arm-none-eabi/4.9.3/../../../../arm-none-eabi/lib/armv7-m\libg_nano.a(lib_a-exit.o)
 .debug_frame   0x00001718       0x2c c:/program files (x86)/cypress/psoc creator/3.3/psoc creator/import/gnu/arm/4.9.3/bin/../lib/gcc/arm-none-eabi/4.9.3/../../../../arm-none-eabi/lib/armv7-m\libg_nano.a(lib_a-init.o)
 .debug_frame   0x00001744       0x28 c:/program files (x86)/cypress/psoc creator/3.3/psoc creator/import/gnu/arm/4.9.3/bin/../lib/gcc/arm-none-eabi/4.9.3/../../../../arm-none-eabi/lib/armv7-m\libg_nano.a(lib_a-memcpy.o)
 .debug_frame   0x0000176c       0x20 c:/program files (x86)/cypress/psoc creator/3.3/psoc creator/import/gnu/arm/4.9.3/bin/../lib/gcc/arm-none-eabi/4.9.3/../../../../arm-none-eabi/lib/armv7-m\libg_nano.a(lib_a-memset.o)

.debug_str      0x00000000     0x1f01
 *(.debug_str)
 .debug_str     0x00000000      0x32d .\CortexM3\ARM_GCC_493\Debug\main.o
                                0x379 (size before relaxing)
 .debug_str     0x0000032d       0x77 .\CortexM3\ARM_GCC_493\Debug\cymetadata.o
                                0x1f9 (size before relaxing)
 .debug_str     0x000003a4      0x165 .\CortexM3\ARM_GCC_493\Debug\Cm3Start.o
                                0x30d (size before relaxing)
 .debug_str     0x00000509      0x1a2 .\CortexM3\ARM_GCC_493\Debug\ProyectoFinal.a(cyfitter_cfg.o)
                                0x35e (size before relaxing)
 .debug_str     0x000006ab      0x397 .\CortexM3\ARM_GCC_493\Debug\ProyectoFinal.a(ADC.o)
                                0x5d9 (size before relaxing)
 .debug_str     0x00000a42       0x47 .\CortexM3\ARM_GCC_493\Debug\ProyectoFinal.a(ADC_INT.o)
                                0x1c3 (size before relaxing)
 .debug_str     0x00000a89      0x13e .\CortexM3\ARM_GCC_493\Debug\ProyectoFinal.a(LCD.o)
                                0x32e (size before relaxing)
 .debug_str     0x00000bc7      0x1a8 .\CortexM3\ARM_GCC_493\Debug\ProyectoFinal.a(TimeDistMeas.o)
                                0x368 (size before relaxing)
 .debug_str     0x00000d6f       0x30 .\CortexM3\ARM_GCC_493\Debug\ProyectoFinal.a(Triggen.o)
                                0x1c4 (size before relaxing)
 .debug_str     0x00000d9f       0x82 .\CortexM3\ARM_GCC_493\Debug\ProyectoFinal.a(DistOutHCSRO4.o)
                                0x219 (size before relaxing)
 .debug_str     0x00000e21       0x61 .\CortexM3\ARM_GCC_493\Debug\ProyectoFinal.a(ADC_AMux.o)
                                0x20e (size before relaxing)
 .debug_str     0x00000e82      0x175 .\CortexM3\ARM_GCC_493\Debug\ProyectoFinal.a(ADC_Ext_CP_Clk.o)
                                0x351 (size before relaxing)
 .debug_str     0x00000ff7      0x151 .\CortexM3\ARM_GCC_493\Debug\ProyectoFinal.a(ADC_theACLK.o)
                                0x370 (size before relaxing)
 .debug_str     0x00001148      0x7c5 .\CortexM3\ARM_GCC_493\Debug\ProyectoFinal.a(CyLib.o)
                                0xa32 (size before relaxing)
 .debug_str     0x0000190d      0x35b .\CortexM3\ARM_GCC_493\Debug\ProyectoFinal.a(cyPm.o)
                                0x72a (size before relaxing)
 .debug_str     0x00001c68       0x4d .\CortexM3\ARM_GCC_493\Debug\ProyectoFinal.a(foto.o)
                                0x1ec (size before relaxing)
 .debug_str     0x00001cb5      0x19e .\CortexM3\ARM_GCC_493\Debug\ProyectoFinal.a(CyFlash.o)
                                0x3a4 (size before relaxing)
 .debug_str     0x00001e53       0xae .\CortexM3\ARM_GCC_493\Debug\ProyectoFinal.a(CySpc.o)
                                0x32d (size before relaxing)

.debug_loc      0x00000000     0x2896
 *(.debug_loc)
 .debug_loc     0x00000000      0x22e .\CortexM3\ARM_GCC_493\Debug\main.o
 .debug_loc     0x0000022e      0x144 .\CortexM3\ARM_GCC_493\Debug\Cm3Start.o
 .debug_loc     0x00000372      0x219 .\CortexM3\ARM_GCC_493\Debug\ProyectoFinal.a(cyfitter_cfg.o)
 .debug_loc     0x0000058b      0x687 .\CortexM3\ARM_GCC_493\Debug\ProyectoFinal.a(ADC.o)
 .debug_loc     0x00000c12      0x3c6 .\CortexM3\ARM_GCC_493\Debug\ProyectoFinal.a(LCD.o)
 .debug_loc     0x00000fd8       0x42 .\CortexM3\ARM_GCC_493\Debug\ProyectoFinal.a(DistOutHCSRO4.o)
 .debug_loc     0x0000101a       0x6c .\CortexM3\ARM_GCC_493\Debug\ProyectoFinal.a(ADC_AMux.o)
 .debug_loc     0x00001086      0x12c .\CortexM3\ARM_GCC_493\Debug\ProyectoFinal.a(ADC_Ext_CP_Clk.o)
 .debug_loc     0x000011b2      0x14d .\CortexM3\ARM_GCC_493\Debug\ProyectoFinal.a(ADC_theACLK.o)
 .debug_loc     0x000012ff      0xa11 .\CortexM3\ARM_GCC_493\Debug\ProyectoFinal.a(CyLib.o)
 .debug_loc     0x00001d10      0x1e4 .\CortexM3\ARM_GCC_493\Debug\ProyectoFinal.a(cyPm.o)
 .debug_loc     0x00001ef4       0x55 .\CortexM3\ARM_GCC_493\Debug\ProyectoFinal.a(foto.o)
 .debug_loc     0x00001f49      0x300 .\CortexM3\ARM_GCC_493\Debug\ProyectoFinal.a(CyFlash.o)
 .debug_loc     0x00002249      0x64d .\CortexM3\ARM_GCC_493\Debug\ProyectoFinal.a(CySpc.o)

.debug_macinfo
 *(.debug_macinfo)

.debug_ranges   0x00000000      0x7f0
 *(.debug_ranges)
 .debug_ranges  0x00000000       0x20 .\CortexM3\ARM_GCC_493\Debug\main.o
 .debug_ranges  0x00000020       0x38 .\CortexM3\ARM_GCC_493\Debug\Cm3Start.o
 .debug_ranges  0x00000058       0x58 .\CortexM3\ARM_GCC_493\Debug\ProyectoFinal.a(cyfitter_cfg.o)
 .debug_ranges  0x000000b0       0xd8 .\CortexM3\ARM_GCC_493\Debug\ProyectoFinal.a(ADC.o)
 .debug_ranges  0x00000188       0x28 .\CortexM3\ARM_GCC_493\Debug\ProyectoFinal.a(ADC_INT.o)
 .debug_ranges  0x000001b0       0x88 .\CortexM3\ARM_GCC_493\Debug\ProyectoFinal.a(LCD.o)
 .debug_ranges  0x00000238       0x78 .\CortexM3\ARM_GCC_493\Debug\ProyectoFinal.a(TimeDistMeas.o)
 .debug_ranges  0x000002b0       0x18 .\CortexM3\ARM_GCC_493\Debug\ProyectoFinal.a(Triggen.o)
 .debug_ranges  0x000002c8       0x28 .\CortexM3\ARM_GCC_493\Debug\ProyectoFinal.a(DistOutHCSRO4.o)
 .debug_ranges  0x000002f0       0x20 .\CortexM3\ARM_GCC_493\Debug\ProyectoFinal.a(ADC_AMux.o)
 .debug_ranges  0x00000310       0x60 .\CortexM3\ARM_GCC_493\Debug\ProyectoFinal.a(ADC_Ext_CP_Clk.o)
 .debug_ranges  0x00000370       0x70 .\CortexM3\ARM_GCC_493\Debug\ProyectoFinal.a(ADC_theACLK.o)
 .debug_ranges  0x000003e0      0x288 .\CortexM3\ARM_GCC_493\Debug\ProyectoFinal.a(CyLib.o)
 .debug_ranges  0x00000668       0x88 .\CortexM3\ARM_GCC_493\Debug\ProyectoFinal.a(cyPm.o)
 .debug_ranges  0x000006f0       0x28 .\CortexM3\ARM_GCC_493\Debug\ProyectoFinal.a(foto.o)
 .debug_ranges  0x00000718       0x70 .\CortexM3\ARM_GCC_493\Debug\ProyectoFinal.a(CyFlash.o)
 .debug_ranges  0x00000788       0x68 .\CortexM3\ARM_GCC_493\Debug\ProyectoFinal.a(CySpc.o)

.comment        0x00000000       0x70
 .comment       0x00000000       0x70 .\CortexM3\ARM_GCC_493\Debug\main.o
                                 0x71 (size before relaxing)
 .comment       0x00000000       0x71 .\CortexM3\ARM_GCC_493\Debug\cymetadata.o
 .comment       0x00000000       0x71 .\CortexM3\ARM_GCC_493\Debug\Cm3Start.o
 .comment       0x00000000       0x71 .\CortexM3\ARM_GCC_493\Debug\ProyectoFinal.a(cyfitter_cfg.o)
 .comment       0x00000000       0x71 .\CortexM3\ARM_GCC_493\Debug\ProyectoFinal.a(ADC.o)
 .comment       0x00000000       0x71 .\CortexM3\ARM_GCC_493\Debug\ProyectoFinal.a(ADC_INT.o)
 .comment       0x00000000       0x71 .\CortexM3\ARM_GCC_493\Debug\ProyectoFinal.a(LCD.o)
 .comment       0x00000000       0x71 .\CortexM3\ARM_GCC_493\Debug\ProyectoFinal.a(TimeDistMeas.o)
 .comment       0x00000000       0x71 .\CortexM3\ARM_GCC_493\Debug\ProyectoFinal.a(Triggen.o)
 .comment       0x00000000       0x71 .\CortexM3\ARM_GCC_493\Debug\ProyectoFinal.a(DistOutHCSRO4.o)
 .comment       0x00000000       0x71 .\CortexM3\ARM_GCC_493\Debug\ProyectoFinal.a(ADC_AMux.o)
 .comment       0x00000000       0x71 .\CortexM3\ARM_GCC_493\Debug\ProyectoFinal.a(ADC_Ext_CP_Clk.o)
 .comment       0x00000000       0x71 .\CortexM3\ARM_GCC_493\Debug\ProyectoFinal.a(ADC_theACLK.o)
 .comment       0x00000000       0x71 .\CortexM3\ARM_GCC_493\Debug\ProyectoFinal.a(CyLib.o)
 .comment       0x00000000       0x71 .\CortexM3\ARM_GCC_493\Debug\ProyectoFinal.a(cyPm.o)
 .comment       0x00000000       0x71 .\CortexM3\ARM_GCC_493\Debug\ProyectoFinal.a(foto.o)
 .comment       0x00000000       0x71 .\CortexM3\ARM_GCC_493\Debug\ProyectoFinal.a(CyFlash.o)
 .comment       0x00000000       0x71 .\CortexM3\ARM_GCC_493\Debug\ProyectoFinal.a(CySpc.o)

.debug_weaknames
 *(.debug_weaknames)

.debug_funcnames
 *(.debug_funcnames)

.debug_typenames
 *(.debug_typenames)

.debug_varnames
 *(.debug_varnames)

.note.gnu.arm.ident
 *(.note.gnu.arm.ident)

.ARM.attributes
                0x00000000       0x29
 *(.ARM.attributes)
 .ARM.attributes
                0x00000000       0x1d c:/program files (x86)/cypress/psoc creator/3.3/psoc creator/import/gnu/arm/4.9.3/bin/../lib/gcc/arm-none-eabi/4.9.3/armv7-m/crti.o
 .ARM.attributes
                0x0000001d       0x2d c:/program files (x86)/cypress/psoc creator/3.3/psoc creator/import/gnu/arm/4.9.3/bin/../lib/gcc/arm-none-eabi/4.9.3/armv7-m/crtbegin.o
 .ARM.attributes
                0x0000004a       0x1b c:/program files (x86)/cypress/psoc creator/3.3/psoc creator/import/gnu/arm/4.9.3/bin/../lib/gcc/arm-none-eabi/4.9.3/../../../../arm-none-eabi/lib/armv7-m/crt0.o
 .ARM.attributes
                0x00000065       0x33 .\CortexM3\ARM_GCC_493\Debug\main.o
 .ARM.attributes
                0x00000098       0x33 .\CortexM3\ARM_GCC_493\Debug\cymetadata.o
 .ARM.attributes
                0x000000cb       0x33 .\CortexM3\ARM_GCC_493\Debug\Cm3Start.o
 .ARM.attributes
                0x000000fe       0x33 .\CortexM3\ARM_GCC_493\Debug\ProyectoFinal.a(cyfitter_cfg.o)
 .ARM.attributes
                0x00000131       0x33 .\CortexM3\ARM_GCC_493\Debug\ProyectoFinal.a(ADC.o)
 .ARM.attributes
                0x00000164       0x33 .\CortexM3\ARM_GCC_493\Debug\ProyectoFinal.a(ADC_INT.o)
 .ARM.attributes
                0x00000197       0x33 .\CortexM3\ARM_GCC_493\Debug\ProyectoFinal.a(LCD.o)
 .ARM.attributes
                0x000001ca       0x33 .\CortexM3\ARM_GCC_493\Debug\ProyectoFinal.a(TimeDistMeas.o)
 .ARM.attributes
                0x000001fd       0x33 .\CortexM3\ARM_GCC_493\Debug\ProyectoFinal.a(Triggen.o)
 .ARM.attributes
                0x00000230       0x33 .\CortexM3\ARM_GCC_493\Debug\ProyectoFinal.a(DistOutHCSRO4.o)
 .ARM.attributes
                0x00000263       0x33 .\CortexM3\ARM_GCC_493\Debug\ProyectoFinal.a(ADC_AMux.o)
 .ARM.attributes
                0x00000296       0x33 .\CortexM3\ARM_GCC_493\Debug\ProyectoFinal.a(ADC_Ext_CP_Clk.o)
 .ARM.attributes
                0x000002c9       0x33 .\CortexM3\ARM_GCC_493\Debug\ProyectoFinal.a(ADC_theACLK.o)
 .ARM.attributes
                0x000002fc       0x21 .\CortexM3\ARM_GCC_493\Debug\ProyectoFinal.a(CyBootAsmGnu.o)
 .ARM.attributes
                0x0000031d       0x33 .\CortexM3\ARM_GCC_493\Debug\ProyectoFinal.a(CyLib.o)
 .ARM.attributes
                0x00000350       0x33 .\CortexM3\ARM_GCC_493\Debug\ProyectoFinal.a(cyPm.o)
 .ARM.attributes
                0x00000383       0x33 .\CortexM3\ARM_GCC_493\Debug\ProyectoFinal.a(foto.o)
 .ARM.attributes
                0x000003b6       0x33 .\CortexM3\ARM_GCC_493\Debug\ProyectoFinal.a(CyFlash.o)
 .ARM.attributes
                0x000003e9       0x33 .\CortexM3\ARM_GCC_493\Debug\ProyectoFinal.a(CySpc.o)
 .ARM.attributes
                0x0000041c       0x1d c:/program files (x86)/cypress/psoc creator/3.3/psoc creator/import/gnu/arm/4.9.3/bin/../lib/gcc/arm-none-eabi/4.9.3/armv7-m\libgcc.a(_arm_addsubdf3.o)
 .ARM.attributes
                0x00000439       0x1d c:/program files (x86)/cypress/psoc creator/3.3/psoc creator/import/gnu/arm/4.9.3/bin/../lib/gcc/arm-none-eabi/4.9.3/armv7-m\libgcc.a(_arm_cmpdf2.o)
 .ARM.attributes
                0x00000456       0x1d c:/program files (x86)/cypress/psoc creator/3.3/psoc creator/import/gnu/arm/4.9.3/bin/../lib/gcc/arm-none-eabi/4.9.3/armv7-m\libgcc.a(_arm_addsubsf3.o)
 .ARM.attributes
                0x00000473       0x1d c:/program files (x86)/cypress/psoc creator/3.3/psoc creator/import/gnu/arm/4.9.3/bin/../lib/gcc/arm-none-eabi/4.9.3/armv7-m\libgcc.a(_arm_muldivsf3.o)
 .ARM.attributes
                0x00000490       0x1d c:/program files (x86)/cypress/psoc creator/3.3/psoc creator/import/gnu/arm/4.9.3/bin/../lib/gcc/arm-none-eabi/4.9.3/armv7-m\libgcc.a(_arm_cmpsf2.o)
 .ARM.attributes
                0x000004ad       0x1d c:/program files (x86)/cypress/psoc creator/3.3/psoc creator/import/gnu/arm/4.9.3/bin/../lib/gcc/arm-none-eabi/4.9.3/armv7-m\libgcc.a(_arm_fixunssfsi.o)
 .ARM.attributes
                0x000004ca       0x2d c:/program files (x86)/cypress/psoc creator/3.3/psoc creator/import/gnu/arm/4.9.3/bin/../lib/gcc/arm-none-eabi/4.9.3/../../../../arm-none-eabi/lib/armv7-m\libg_nano.a(lib_a-errno.o)
 .ARM.attributes
                0x000004f7       0x2d c:/program files (x86)/cypress/psoc creator/3.3/psoc creator/import/gnu/arm/4.9.3/bin/../lib/gcc/arm-none-eabi/4.9.3/../../../../arm-none-eabi/lib/armv7-m\libg_nano.a(lib_a-exit.o)
 .ARM.attributes
                0x00000524       0x2d c:/program files (x86)/cypress/psoc creator/3.3/psoc creator/import/gnu/arm/4.9.3/bin/../lib/gcc/arm-none-eabi/4.9.3/../../../../arm-none-eabi/lib/armv7-m\libg_nano.a(lib_a-impure.o)
 .ARM.attributes
                0x00000551       0x2d c:/program files (x86)/cypress/psoc creator/3.3/psoc creator/import/gnu/arm/4.9.3/bin/../lib/gcc/arm-none-eabi/4.9.3/../../../../arm-none-eabi/lib/armv7-m\libg_nano.a(lib_a-init.o)
 .ARM.attributes
                0x0000057e       0x2d c:/program files (x86)/cypress/psoc creator/3.3/psoc creator/import/gnu/arm/4.9.3/bin/../lib/gcc/arm-none-eabi/4.9.3/../../../../arm-none-eabi/lib/armv7-m\libg_nano.a(lib_a-memcpy.o)
 .ARM.attributes
                0x000005ab       0x2d c:/program files (x86)/cypress/psoc creator/3.3/psoc creator/import/gnu/arm/4.9.3/bin/../lib/gcc/arm-none-eabi/4.9.3/../../../../arm-none-eabi/lib/armv7-m\libg_nano.a(lib_a-memset.o)
 .ARM.attributes
                0x000005d8       0x2d c:/program files (x86)/cypress/psoc creator/3.3/psoc creator/import/gnu/arm/4.9.3/bin/../lib/gcc/arm-none-eabi/4.9.3/armv7-m/crtend.o
 .ARM.attributes
                0x00000605       0x1d c:/program files (x86)/cypress/psoc creator/3.3/psoc creator/import/gnu/arm/4.9.3/bin/../lib/gcc/arm-none-eabi/4.9.3/armv7-m/crtn.o

/DISCARD/
 *(.note.GNU-stack)
OUTPUT(.\CortexM3\ARM_GCC_493\Debug\ProyectoFinal.elf elf32-littlearm)
