Archive member included because of file (symbol)

.\CortexM3\ARM_GCC_493\Debug\Ezi2cDesign01.a(cyfitter_cfg.o)
                              .\CortexM3\ARM_GCC_493\Debug\Cm3Start.o (cyfitter_cfg)
.\CortexM3\ARM_GCC_493\Debug\Ezi2cDesign01.a(LCD.o)
                              .\CortexM3\ARM_GCC_493\Debug\main.o (LCD_PrintString)
.\CortexM3\ARM_GCC_493\Debug\Ezi2cDesign01.a(CyBootAsmGnu.o)
                              .\CortexM3\ARM_GCC_493\Debug\Ezi2cDesign01.a(cyfitter_cfg.o) (CyDelayCycles)
.\CortexM3\ARM_GCC_493\Debug\Ezi2cDesign01.a(CyLib.o)
                              .\CortexM3\ARM_GCC_493\Debug\Cm3Start.o (CyHalt)
.\CortexM3\ARM_GCC_493\Debug\Ezi2cDesign01.a(cyPm.o)
                              .\CortexM3\ARM_GCC_493\Debug\Ezi2cDesign01.a(CyLib.o) (CyPmReadStatus)
.\CortexM3\ARM_GCC_493\Debug\Ezi2cDesign01.a(EZI2C.o)
                              .\CortexM3\ARM_GCC_493\Debug\main.o (EZI2C_Start)
.\CortexM3\ARM_GCC_493\Debug\Ezi2cDesign01.a(EZI2C_PM.o)
                              .\CortexM3\ARM_GCC_493\Debug\Ezi2cDesign01.a(EZI2C.o) (EZI2C_backup)
.\CortexM3\ARM_GCC_493\Debug\Ezi2cDesign01.a(EZI2C_INT.o)
                              .\CortexM3\ARM_GCC_493\Debug\Ezi2cDesign01.a(EZI2C.o) (EZI2C_ISR)
.\CortexM3\ARM_GCC_493\Debug\Ezi2cDesign01.a(CyFlash.o)
                              .\CortexM3\ARM_GCC_493\Debug\Ezi2cDesign01.a(cyPm.o) (CyFlash_SetWaitCycles)
.\CortexM3\ARM_GCC_493\Debug\Ezi2cDesign01.a(CySpc.o)
                              .\CortexM3\ARM_GCC_493\Debug\Ezi2cDesign01.a(CyFlash.o) (CySpcStart)
c:/program files (x86)/cypress/psoc creator/3.3/psoc creator/import/gnu/arm/4.9.3/bin/../lib/gcc/arm-none-eabi/4.9.3/../../../../arm-none-eabi/lib/armv7-m\libg_nano.a(lib_a-errno.o)
                              .\CortexM3\ARM_GCC_493\Debug\Cm3Start.o (__errno)
c:/program files (x86)/cypress/psoc creator/3.3/psoc creator/import/gnu/arm/4.9.3/bin/../lib/gcc/arm-none-eabi/4.9.3/../../../../arm-none-eabi/lib/armv7-m\libg_nano.a(lib_a-exit.o)
                              c:/program files (x86)/cypress/psoc creator/3.3/psoc creator/import/gnu/arm/4.9.3/bin/../lib/gcc/arm-none-eabi/4.9.3/../../../../arm-none-eabi/lib/armv7-m/crt0.o (exit)
c:/program files (x86)/cypress/psoc creator/3.3/psoc creator/import/gnu/arm/4.9.3/bin/../lib/gcc/arm-none-eabi/4.9.3/../../../../arm-none-eabi/lib/armv7-m\libg_nano.a(lib_a-impure.o)
                              c:/program files (x86)/cypress/psoc creator/3.3/psoc creator/import/gnu/arm/4.9.3/bin/../lib/gcc/arm-none-eabi/4.9.3/../../../../arm-none-eabi/lib/armv7-m\libg_nano.a(lib_a-exit.o) (_global_impure_ptr)
c:/program files (x86)/cypress/psoc creator/3.3/psoc creator/import/gnu/arm/4.9.3/bin/../lib/gcc/arm-none-eabi/4.9.3/../../../../arm-none-eabi/lib/armv7-m\libg_nano.a(lib_a-init.o)
                              c:/program files (x86)/cypress/psoc creator/3.3/psoc creator/import/gnu/arm/4.9.3/bin/../lib/gcc/arm-none-eabi/4.9.3/../../../../arm-none-eabi/lib/armv7-m/crt0.o (__libc_init_array)
c:/program files (x86)/cypress/psoc creator/3.3/psoc creator/import/gnu/arm/4.9.3/bin/../lib/gcc/arm-none-eabi/4.9.3/../../../../arm-none-eabi/lib/armv7-m\libg_nano.a(lib_a-memset.o)
                              c:/program files (x86)/cypress/psoc creator/3.3/psoc creator/import/gnu/arm/4.9.3/bin/../lib/gcc/arm-none-eabi/4.9.3/../../../../arm-none-eabi/lib/armv7-m/crt0.o (memset)

Allocating common symbols
Common symbol       size              file

i2cBufferWrite      0x5               .\CortexM3\ARM_GCC_493\Debug\main.o
MyArray             0x200             .\CortexM3\ARM_GCC_493\Debug\main.o
EZI2C_bufSizeS1     0x2               .\CortexM3\ARM_GCC_493\Debug\Ezi2cDesign01.a(EZI2C.o)
ezi2cBuffer         0x4               .\CortexM3\ARM_GCC_493\Debug\main.o
EZI2C_curState      0x1               .\CortexM3\ARM_GCC_493\Debug\Ezi2cDesign01.a(EZI2C.o)
EZI2C_rwIndexS1     0x1               .\CortexM3\ARM_GCC_493\Debug\Ezi2cDesign01.a(EZI2C.o)
EZI2C_wrProtectS1   0x2               .\CortexM3\ARM_GCC_493\Debug\Ezi2cDesign01.a(EZI2C.o)
EZI2C_curStatus     0x1               .\CortexM3\ARM_GCC_493\Debug\Ezi2cDesign01.a(EZI2C.o)
i2cBufferRead       0x4               .\CortexM3\ARM_GCC_493\Debug\main.o
EZI2C_dataPtrS1     0x4               .\CortexM3\ARM_GCC_493\Debug\Ezi2cDesign01.a(EZI2C.o)
dieTemperature      0x2               .\CortexM3\ARM_GCC_493\Debug\Ezi2cDesign01.a(CyFlash.o)
EZI2C_rwOffsetS1    0x1               .\CortexM3\ARM_GCC_493\Debug\Ezi2cDesign01.a(EZI2C.o)

Discarded input sections

 .text          0x00000000        0x0 c:/program files (x86)/cypress/psoc creator/3.3/psoc creator/import/gnu/arm/4.9.3/bin/../lib/gcc/arm-none-eabi/4.9.3/armv7-m/crti.o
 .data          0x00000000        0x0 c:/program files (x86)/cypress/psoc creator/3.3/psoc creator/import/gnu/arm/4.9.3/bin/../lib/gcc/arm-none-eabi/4.9.3/armv7-m/crti.o
 .bss           0x00000000        0x0 c:/program files (x86)/cypress/psoc creator/3.3/psoc creator/import/gnu/arm/4.9.3/bin/../lib/gcc/arm-none-eabi/4.9.3/armv7-m/crti.o
 .data          0x00000000        0x4 c:/program files (x86)/cypress/psoc creator/3.3/psoc creator/import/gnu/arm/4.9.3/bin/../lib/gcc/arm-none-eabi/4.9.3/armv7-m/crtbegin.o
 .text          0x00000000       0x74 c:/program files (x86)/cypress/psoc creator/3.3/psoc creator/import/gnu/arm/4.9.3/bin/../lib/gcc/arm-none-eabi/4.9.3/../../../../arm-none-eabi/lib/armv7-m/crt0.o
 .data          0x00000000        0x0 c:/program files (x86)/cypress/psoc creator/3.3/psoc creator/import/gnu/arm/4.9.3/bin/../lib/gcc/arm-none-eabi/4.9.3/../../../../arm-none-eabi/lib/armv7-m/crt0.o
 .bss           0x00000000        0x0 c:/program files (x86)/cypress/psoc creator/3.3/psoc creator/import/gnu/arm/4.9.3/bin/../lib/gcc/arm-none-eabi/4.9.3/../../../../arm-none-eabi/lib/armv7-m/crt0.o
 .ARM.extab     0x00000000        0x0 c:/program files (x86)/cypress/psoc creator/3.3/psoc creator/import/gnu/arm/4.9.3/bin/../lib/gcc/arm-none-eabi/4.9.3/../../../../arm-none-eabi/lib/armv7-m/crt0.o
 .ARM.exidx     0x00000000        0x8 c:/program files (x86)/cypress/psoc creator/3.3/psoc creator/import/gnu/arm/4.9.3/bin/../lib/gcc/arm-none-eabi/4.9.3/../../../../arm-none-eabi/lib/armv7-m/crt0.o
 .text          0x00000000        0x0 .\CortexM3\ARM_GCC_493\Debug\main.o
 .data          0x00000000        0x0 .\CortexM3\ARM_GCC_493\Debug\main.o
 .bss           0x00000000        0x1 .\CortexM3\ARM_GCC_493\Debug\main.o
 .text          0x00000000        0x0 .\CortexM3\ARM_GCC_493\Debug\cymetadata.o
 .data          0x00000000        0x0 .\CortexM3\ARM_GCC_493\Debug\cymetadata.o
 .bss           0x00000000        0x0 .\CortexM3\ARM_GCC_493\Debug\cymetadata.o
 .text          0x00000000        0x0 .\CortexM3\ARM_GCC_493\Debug\Cm3Start.o
 .data          0x00000000        0x4 .\CortexM3\ARM_GCC_493\Debug\Cm3Start.o
 .bss           0x00000000        0x0 .\CortexM3\ARM_GCC_493\Debug\Cm3Start.o
 .text._exit    0x00000000        0xc .\CortexM3\ARM_GCC_493\Debug\Cm3Start.o
 .text._sbrk    0x00000000       0x30 .\CortexM3\ARM_GCC_493\Debug\Cm3Start.o
 .text          0x00000000        0x0 .\CortexM3\ARM_GCC_493\Debug\Ezi2cDesign01.a(cyfitter_cfg.o)
 .data          0x00000000        0x0 .\CortexM3\ARM_GCC_493\Debug\Ezi2cDesign01.a(cyfitter_cfg.o)
 .bss           0x00000000        0x0 .\CortexM3\ARM_GCC_493\Debug\Ezi2cDesign01.a(cyfitter_cfg.o)
 .text.SetAnalogRoutingPumps
                0x00000000       0x10 .\CortexM3\ARM_GCC_493\Debug\Ezi2cDesign01.a(cyfitter_cfg.o)
 .text          0x00000000        0x0 .\CortexM3\ARM_GCC_493\Debug\Ezi2cDesign01.a(LCD.o)
 .data          0x00000000        0x0 .\CortexM3\ARM_GCC_493\Debug\Ezi2cDesign01.a(LCD.o)
 .text.LCD_WriteData
                0x00000000       0x84 .\CortexM3\ARM_GCC_493\Debug\Ezi2cDesign01.a(LCD.o)
 .text.LCD_WriteControl
                0x00000000       0x68 .\CortexM3\ARM_GCC_493\Debug\Ezi2cDesign01.a(LCD.o)
 .text.LCD_Stop
                0x00000000       0x64 .\CortexM3\ARM_GCC_493\Debug\Ezi2cDesign01.a(LCD.o)
 .text.LCD_Enable
                0x00000000       0x64 .\CortexM3\ARM_GCC_493\Debug\Ezi2cDesign01.a(LCD.o)
 .text.LCD_PutChar
                0x00000000       0x84 .\CortexM3\ARM_GCC_493\Debug\Ezi2cDesign01.a(LCD.o)
 .text.LCD_PrintInt8
                0x00000000      0x108 .\CortexM3\ARM_GCC_493\Debug\Ezi2cDesign01.a(LCD.o)
 .text.LCD_PrintInt16
                0x00000000      0x11c .\CortexM3\ARM_GCC_493\Debug\Ezi2cDesign01.a(LCD.o)
 .text.LCD_PrintInt32
                0x00000000      0x128 .\CortexM3\ARM_GCC_493\Debug\Ezi2cDesign01.a(LCD.o)
 .text.LCD_PrintU32Number
                0x00000000       0x64 .\CortexM3\ARM_GCC_493\Debug\Ezi2cDesign01.a(LCD.o)
 .rodata        0x00000000       0x10 .\CortexM3\ARM_GCC_493\Debug\Ezi2cDesign01.a(LCD.o)
 .data          0x00000000        0x0 .\CortexM3\ARM_GCC_493\Debug\Ezi2cDesign01.a(CyBootAsmGnu.o)
 .bss           0x00000000        0x0 .\CortexM3\ARM_GCC_493\Debug\Ezi2cDesign01.a(CyBootAsmGnu.o)
 .text          0x00000000        0x0 .\CortexM3\ARM_GCC_493\Debug\Ezi2cDesign01.a(CyLib.o)
 .bss           0x00000000       0x1c .\CortexM3\ARM_GCC_493\Debug\Ezi2cDesign01.a(CyLib.o)
 .text.CyIMO_SetTrimValue
                0x00000000       0xf4 .\CortexM3\ARM_GCC_493\Debug\Ezi2cDesign01.a(CyLib.o)
 .text.CySysTickServiceCallbacks
                0x00000000       0x28 .\CortexM3\ARM_GCC_493\Debug\Ezi2cDesign01.a(CyLib.o)
 .text.CyPLL_OUT_Start
                0x00000000       0x78 .\CortexM3\ARM_GCC_493\Debug\Ezi2cDesign01.a(CyLib.o)
 .text.CyPLL_OUT_Stop
                0x00000000       0x10 .\CortexM3\ARM_GCC_493\Debug\Ezi2cDesign01.a(CyLib.o)
 .text.CyPLL_OUT_SetPQ
                0x00000000       0x50 .\CortexM3\ARM_GCC_493\Debug\Ezi2cDesign01.a(CyLib.o)
 .text.CyPLL_OUT_SetSource
                0x00000000       0x28 .\CortexM3\ARM_GCC_493\Debug\Ezi2cDesign01.a(CyLib.o)
 .text.CyIMO_Start
                0x00000000       0x6c .\CortexM3\ARM_GCC_493\Debug\Ezi2cDesign01.a(CyLib.o)
 .text.CyIMO_Stop
                0x00000000       0x20 .\CortexM3\ARM_GCC_493\Debug\Ezi2cDesign01.a(CyLib.o)
 .text.CyIMO_SetFreq
                0x00000000      0x130 .\CortexM3\ARM_GCC_493\Debug\Ezi2cDesign01.a(CyLib.o)
 .text.CyIMO_SetSource
                0x00000000       0x50 .\CortexM3\ARM_GCC_493\Debug\Ezi2cDesign01.a(CyLib.o)
 .text.CyIMO_EnableDoubler
                0x00000000       0x10 .\CortexM3\ARM_GCC_493\Debug\Ezi2cDesign01.a(CyLib.o)
 .text.CyIMO_DisableDoubler
                0x00000000       0x10 .\CortexM3\ARM_GCC_493\Debug\Ezi2cDesign01.a(CyLib.o)
 .text.CyMasterClk_SetSource
                0x00000000       0x18 .\CortexM3\ARM_GCC_493\Debug\Ezi2cDesign01.a(CyLib.o)
 .text.CyMasterClk_SetDivider
                0x00000000        0xc .\CortexM3\ARM_GCC_493\Debug\Ezi2cDesign01.a(CyLib.o)
 .text.CyBusClk_SetDivider
                0x00000000      0x110 .\CortexM3\ARM_GCC_493\Debug\Ezi2cDesign01.a(CyLib.o)
 .text.CyUsbClk_SetSource
                0x00000000       0x18 .\CortexM3\ARM_GCC_493\Debug\Ezi2cDesign01.a(CyLib.o)
 .text.CyILO_Start1K
                0x00000000       0x10 .\CortexM3\ARM_GCC_493\Debug\Ezi2cDesign01.a(CyLib.o)
 .text.CyILO_Stop1K
                0x00000000       0x10 .\CortexM3\ARM_GCC_493\Debug\Ezi2cDesign01.a(CyLib.o)
 .text.CyILO_Start100K
                0x00000000       0x10 .\CortexM3\ARM_GCC_493\Debug\Ezi2cDesign01.a(CyLib.o)
 .text.CyILO_Stop100K
                0x00000000       0x10 .\CortexM3\ARM_GCC_493\Debug\Ezi2cDesign01.a(CyLib.o)
 .text.CyILO_Enable33K
                0x00000000       0x10 .\CortexM3\ARM_GCC_493\Debug\Ezi2cDesign01.a(CyLib.o)
 .text.CyILO_Disable33K
                0x00000000       0x10 .\CortexM3\ARM_GCC_493\Debug\Ezi2cDesign01.a(CyLib.o)
 .text.CyILO_SetSource
                0x00000000       0x18 .\CortexM3\ARM_GCC_493\Debug\Ezi2cDesign01.a(CyLib.o)
 .text.CyILO_SetPowerMode
                0x00000000       0x24 .\CortexM3\ARM_GCC_493\Debug\Ezi2cDesign01.a(CyLib.o)
 .text.CyXTAL_32KHZ_Start
                0x00000000       0xb4 .\CortexM3\ARM_GCC_493\Debug\Ezi2cDesign01.a(CyLib.o)
 .text.CyXTAL_32KHZ_Stop
                0x00000000       0x3c .\CortexM3\ARM_GCC_493\Debug\Ezi2cDesign01.a(CyLib.o)
 .text.CyXTAL_32KHZ_ReadStatus
                0x00000000       0x10 .\CortexM3\ARM_GCC_493\Debug\Ezi2cDesign01.a(CyLib.o)
 .text.CyXTAL_32KHZ_SetPowerMode
                0x00000000       0x90 .\CortexM3\ARM_GCC_493\Debug\Ezi2cDesign01.a(CyLib.o)
 .text.CyXTAL_Start
                0x00000000       0xac .\CortexM3\ARM_GCC_493\Debug\Ezi2cDesign01.a(CyLib.o)
 .text.CyXTAL_Stop
                0x00000000       0x10 .\CortexM3\ARM_GCC_493\Debug\Ezi2cDesign01.a(CyLib.o)
 .text.CyXTAL_EnableErrStatus
                0x00000000       0x10 .\CortexM3\ARM_GCC_493\Debug\Ezi2cDesign01.a(CyLib.o)
 .text.CyXTAL_DisableErrStatus
                0x00000000       0x10 .\CortexM3\ARM_GCC_493\Debug\Ezi2cDesign01.a(CyLib.o)
 .text.CyXTAL_ReadStatus
                0x00000000        0xc .\CortexM3\ARM_GCC_493\Debug\Ezi2cDesign01.a(CyLib.o)
 .text.CyXTAL_EnableFaultRecovery
                0x00000000       0x10 .\CortexM3\ARM_GCC_493\Debug\Ezi2cDesign01.a(CyLib.o)
 .text.CyXTAL_DisableFaultRecovery
                0x00000000       0x10 .\CortexM3\ARM_GCC_493\Debug\Ezi2cDesign01.a(CyLib.o)
 .text.CyXTAL_SetStartup
                0x00000000       0x18 .\CortexM3\ARM_GCC_493\Debug\Ezi2cDesign01.a(CyLib.o)
 .text.CyXTAL_SetFbVoltage
                0x00000000       0x18 .\CortexM3\ARM_GCC_493\Debug\Ezi2cDesign01.a(CyLib.o)
 .text.CyXTAL_SetWdVoltage
                0x00000000       0x18 .\CortexM3\ARM_GCC_493\Debug\Ezi2cDesign01.a(CyLib.o)
 .text.CyHalt   0x00000000        0x4 .\CortexM3\ARM_GCC_493\Debug\Ezi2cDesign01.a(CyLib.o)
 .text.CySoftwareReset
                0x00000000       0x10 .\CortexM3\ARM_GCC_493\Debug\Ezi2cDesign01.a(CyLib.o)
 .text.CyDelayFreq
                0x00000000       0x54 .\CortexM3\ARM_GCC_493\Debug\Ezi2cDesign01.a(CyLib.o)
 .text.CyWdtStart
                0x00000000       0x40 .\CortexM3\ARM_GCC_493\Debug\Ezi2cDesign01.a(CyLib.o)
 .text.CyWdtClear
                0x00000000        0xc .\CortexM3\ARM_GCC_493\Debug\Ezi2cDesign01.a(CyLib.o)
 .text.CyVdLvDigitEnable
                0x00000000       0xb0 .\CortexM3\ARM_GCC_493\Debug\Ezi2cDesign01.a(CyLib.o)
 .text.CyVdLvAnalogEnable
                0x00000000       0xac .\CortexM3\ARM_GCC_493\Debug\Ezi2cDesign01.a(CyLib.o)
 .text.CyVdLvDigitDisable
                0x00000000       0x58 .\CortexM3\ARM_GCC_493\Debug\Ezi2cDesign01.a(CyLib.o)
 .text.CyVdLvAnalogDisable
                0x00000000       0x44 .\CortexM3\ARM_GCC_493\Debug\Ezi2cDesign01.a(CyLib.o)
 .text.CyVdHvAnalogEnable
                0x00000000       0x78 .\CortexM3\ARM_GCC_493\Debug\Ezi2cDesign01.a(CyLib.o)
 .text.CyVdHvAnalogDisable
                0x00000000       0x38 .\CortexM3\ARM_GCC_493\Debug\Ezi2cDesign01.a(CyLib.o)
 .text.CyVdStickyStatus
                0x00000000       0x2c .\CortexM3\ARM_GCC_493\Debug\Ezi2cDesign01.a(CyLib.o)
 .text.CyVdRealTimeStatus
                0x00000000       0x1c .\CortexM3\ARM_GCC_493\Debug\Ezi2cDesign01.a(CyLib.o)
 .text.CyDisableInts
                0x00000000       0x1c .\CortexM3\ARM_GCC_493\Debug\Ezi2cDesign01.a(CyLib.o)
 .text.CyEnableInts
                0x00000000       0x18 .\CortexM3\ARM_GCC_493\Debug\Ezi2cDesign01.a(CyLib.o)
 .text.CyFlushCache
                0x00000000       0x44 .\CortexM3\ARM_GCC_493\Debug\Ezi2cDesign01.a(CyLib.o)
 .text.CyIntSetSysVector
                0x00000000       0x1c .\CortexM3\ARM_GCC_493\Debug\Ezi2cDesign01.a(CyLib.o)
 .text.CyIntGetSysVector
                0x00000000       0x18 .\CortexM3\ARM_GCC_493\Debug\Ezi2cDesign01.a(CyLib.o)
 .text.CyIntGetVector
                0x00000000       0x1c .\CortexM3\ARM_GCC_493\Debug\Ezi2cDesign01.a(CyLib.o)
 .text.CyIntGetPriority
                0x00000000       0x18 .\CortexM3\ARM_GCC_493\Debug\Ezi2cDesign01.a(CyLib.o)
 .text.CyIntGetState
                0x00000000       0x1c .\CortexM3\ARM_GCC_493\Debug\Ezi2cDesign01.a(CyLib.o)
 .text.CySysTickStart
                0x00000000       0x8c .\CortexM3\ARM_GCC_493\Debug\Ezi2cDesign01.a(CyLib.o)
 .text.CySysTickInit
                0x00000000       0x70 .\CortexM3\ARM_GCC_493\Debug\Ezi2cDesign01.a(CyLib.o)
 .text.CySysTickEnable
                0x00000000       0x18 .\CortexM3\ARM_GCC_493\Debug\Ezi2cDesign01.a(CyLib.o)
 .text.CySysTickStop
                0x00000000       0x10 .\CortexM3\ARM_GCC_493\Debug\Ezi2cDesign01.a(CyLib.o)
 .text.CySysTickEnableInterrupt
                0x00000000       0x10 .\CortexM3\ARM_GCC_493\Debug\Ezi2cDesign01.a(CyLib.o)
 .text.CySysTickDisableInterrupt
                0x00000000       0x10 .\CortexM3\ARM_GCC_493\Debug\Ezi2cDesign01.a(CyLib.o)
 .text.CySysTickSetReload
                0x00000000       0x10 .\CortexM3\ARM_GCC_493\Debug\Ezi2cDesign01.a(CyLib.o)
 .text.CySysTickGetReload
                0x00000000       0x10 .\CortexM3\ARM_GCC_493\Debug\Ezi2cDesign01.a(CyLib.o)
 .text.CySysTickGetValue
                0x00000000       0x10 .\CortexM3\ARM_GCC_493\Debug\Ezi2cDesign01.a(CyLib.o)
 .text.CySysTickSetClockSource
                0x00000000       0x18 .\CortexM3\ARM_GCC_493\Debug\Ezi2cDesign01.a(CyLib.o)
 .text.CySysTickGetCountFlag
                0x00000000       0x10 .\CortexM3\ARM_GCC_493\Debug\Ezi2cDesign01.a(CyLib.o)
 .text.CySysTickClear
                0x00000000        0xc .\CortexM3\ARM_GCC_493\Debug\Ezi2cDesign01.a(CyLib.o)
 .text.CySysTickSetCallback
                0x00000000       0x14 .\CortexM3\ARM_GCC_493\Debug\Ezi2cDesign01.a(CyLib.o)
 .text.CySysTickGetCallback
                0x00000000        0xc .\CortexM3\ARM_GCC_493\Debug\Ezi2cDesign01.a(CyLib.o)
 .text.CyGetUniqueId
                0x00000000       0x68 .\CortexM3\ARM_GCC_493\Debug\Ezi2cDesign01.a(CyLib.o)
 .text          0x00000000        0x0 .\CortexM3\ARM_GCC_493\Debug\Ezi2cDesign01.a(cyPm.o)
 .data          0x00000000        0x0 .\CortexM3\ARM_GCC_493\Debug\Ezi2cDesign01.a(cyPm.o)
 .bss           0x00000000       0x44 .\CortexM3\ARM_GCC_493\Debug\Ezi2cDesign01.a(cyPm.o)
 .text.CyPmHibSlpSaveSet
                0x00000000      0x1c8 .\CortexM3\ARM_GCC_493\Debug\Ezi2cDesign01.a(cyPm.o)
 .text.CyPmHibSlpRestore
                0x00000000      0x140 .\CortexM3\ARM_GCC_493\Debug\Ezi2cDesign01.a(cyPm.o)
 .text.CyPmSaveClocks
                0x00000000      0x1e4 .\CortexM3\ARM_GCC_493\Debug\Ezi2cDesign01.a(cyPm.o)
 .text.CyPmRestoreClocks
                0x00000000      0x240 .\CortexM3\ARM_GCC_493\Debug\Ezi2cDesign01.a(cyPm.o)
 .text.CyPmAltAct
                0x00000000       0x78 .\CortexM3\ARM_GCC_493\Debug\Ezi2cDesign01.a(cyPm.o)
 .text.CyPmSleep
                0x00000000       0xf8 .\CortexM3\ARM_GCC_493\Debug\Ezi2cDesign01.a(cyPm.o)
 .text.CyPmHibernateEx
                0x00000000      0x28c .\CortexM3\ARM_GCC_493\Debug\Ezi2cDesign01.a(cyPm.o)
 .text.CyPmHibernate
                0x00000000        0x8 .\CortexM3\ARM_GCC_493\Debug\Ezi2cDesign01.a(cyPm.o)
 .text.CyPmReadStatus
                0x00000000       0x30 .\CortexM3\ARM_GCC_493\Debug\Ezi2cDesign01.a(cyPm.o)
 .text.CyPmCtwSetInterval
                0x00000000       0x54 .\CortexM3\ARM_GCC_493\Debug\Ezi2cDesign01.a(cyPm.o)
 .text.CyPmOppsSet
                0x00000000       0x2c .\CortexM3\ARM_GCC_493\Debug\Ezi2cDesign01.a(cyPm.o)
 .text.CyPmFtwSetInterval
                0x00000000       0x54 .\CortexM3\ARM_GCC_493\Debug\Ezi2cDesign01.a(cyPm.o)
 .rodata        0x00000000       0x10 .\CortexM3\ARM_GCC_493\Debug\Ezi2cDesign01.a(cyPm.o)
 .text          0x00000000        0x0 .\CortexM3\ARM_GCC_493\Debug\Ezi2cDesign01.a(EZI2C.o)
 .data          0x00000000        0x0 .\CortexM3\ARM_GCC_493\Debug\Ezi2cDesign01.a(EZI2C.o)
 .text.EZI2C_Init
                0x00000000       0x90 .\CortexM3\ARM_GCC_493\Debug\Ezi2cDesign01.a(EZI2C.o)
 .text.EZI2C_Enable
                0x00000000       0x34 .\CortexM3\ARM_GCC_493\Debug\Ezi2cDesign01.a(EZI2C.o)
 .text.EZI2C_Stop
                0x00000000       0xc8 .\CortexM3\ARM_GCC_493\Debug\Ezi2cDesign01.a(EZI2C.o)
 .text.EZI2C_SetAddress1
                0x00000000       0x10 .\CortexM3\ARM_GCC_493\Debug\Ezi2cDesign01.a(EZI2C.o)
 .text.EZI2C_GetAddress1
                0x00000000        0xc .\CortexM3\ARM_GCC_493\Debug\Ezi2cDesign01.a(EZI2C.o)
 .text          0x00000000        0x0 .\CortexM3\ARM_GCC_493\Debug\Ezi2cDesign01.a(EZI2C_PM.o)
 .data          0x00000000        0x8 .\CortexM3\ARM_GCC_493\Debug\Ezi2cDesign01.a(EZI2C_PM.o)
 .bss           0x00000000        0x0 .\CortexM3\ARM_GCC_493\Debug\Ezi2cDesign01.a(EZI2C_PM.o)
 .text.EZI2C_SaveConfig
                0x00000000       0x40 .\CortexM3\ARM_GCC_493\Debug\Ezi2cDesign01.a(EZI2C_PM.o)
 .text.EZI2C_RestoreConfig
                0x00000000       0x64 .\CortexM3\ARM_GCC_493\Debug\Ezi2cDesign01.a(EZI2C_PM.o)
 .text.EZI2C_Sleep
                0x00000000       0x54 .\CortexM3\ARM_GCC_493\Debug\Ezi2cDesign01.a(EZI2C_PM.o)
 .text.EZI2C_Wakeup
                0x00000000       0x58 .\CortexM3\ARM_GCC_493\Debug\Ezi2cDesign01.a(EZI2C_PM.o)
 .text          0x00000000        0x0 .\CortexM3\ARM_GCC_493\Debug\Ezi2cDesign01.a(EZI2C_INT.o)
 .data          0x00000000        0x0 .\CortexM3\ARM_GCC_493\Debug\Ezi2cDesign01.a(EZI2C_INT.o)
 .text          0x00000000        0x0 .\CortexM3\ARM_GCC_493\Debug\Ezi2cDesign01.a(CyFlash.o)
 .data          0x00000000        0x0 .\CortexM3\ARM_GCC_493\Debug\Ezi2cDesign01.a(CyFlash.o)
 .bss           0x00000000        0x4 .\CortexM3\ARM_GCC_493\Debug\Ezi2cDesign01.a(CyFlash.o)
 .text.CyFlash_Start
                0x00000000       0x50 .\CortexM3\ARM_GCC_493\Debug\Ezi2cDesign01.a(CyFlash.o)
 .text.CyFlash_Stop
                0x00000000       0x2c .\CortexM3\ARM_GCC_493\Debug\Ezi2cDesign01.a(CyFlash.o)
 .text.CySetTemp
                0x00000000       0xa4 .\CortexM3\ARM_GCC_493\Debug\Ezi2cDesign01.a(CyFlash.o)
 .text.CySetFlashEEBuffer
                0x00000000       0x34 .\CortexM3\ARM_GCC_493\Debug\Ezi2cDesign01.a(CyFlash.o)
 .text.CyWriteRowData
                0x00000000       0xd0 .\CortexM3\ARM_GCC_493\Debug\Ezi2cDesign01.a(CyFlash.o)
 .text.CyWriteRowFull
                0x00000000       0xcc .\CortexM3\ARM_GCC_493\Debug\Ezi2cDesign01.a(CyFlash.o)
 .text.CyFlash_SetWaitCycles
                0x00000000       0x90 .\CortexM3\ARM_GCC_493\Debug\Ezi2cDesign01.a(CyFlash.o)
 .text.CyEEPROM_Start
                0x00000000       0x50 .\CortexM3\ARM_GCC_493\Debug\Ezi2cDesign01.a(CyFlash.o)
 .text.CyEEPROM_Stop
                0x00000000       0x2c .\CortexM3\ARM_GCC_493\Debug\Ezi2cDesign01.a(CyFlash.o)
 .text.CyEEPROM_ReadReserve
                0x00000000       0x18 .\CortexM3\ARM_GCC_493\Debug\Ezi2cDesign01.a(CyFlash.o)
 .text.CyEEPROM_ReadRelease
                0x00000000       0x10 .\CortexM3\ARM_GCC_493\Debug\Ezi2cDesign01.a(CyFlash.o)
 COMMON         0x00000000        0x2 .\CortexM3\ARM_GCC_493\Debug\Ezi2cDesign01.a(CyFlash.o)
 .text          0x00000000        0x0 .\CortexM3\ARM_GCC_493\Debug\Ezi2cDesign01.a(CySpc.o)
 .data          0x00000000        0x0 .\CortexM3\ARM_GCC_493\Debug\Ezi2cDesign01.a(CySpc.o)
 .bss           0x00000000        0x8 .\CortexM3\ARM_GCC_493\Debug\Ezi2cDesign01.a(CySpc.o)
 .text.CySpcStart
                0x00000000       0x2c .\CortexM3\ARM_GCC_493\Debug\Ezi2cDesign01.a(CySpc.o)
 .text.CySpcStop
                0x00000000       0x2c .\CortexM3\ARM_GCC_493\Debug\Ezi2cDesign01.a(CySpc.o)
 .text.CySpcReadData
                0x00000000       0x40 .\CortexM3\ARM_GCC_493\Debug\Ezi2cDesign01.a(CySpc.o)
 .text.CySpcLoadMultiByte
                0x00000000       0x6c .\CortexM3\ARM_GCC_493\Debug\Ezi2cDesign01.a(CySpc.o)
 .text.CySpcLoadRow
                0x00000000       0x50 .\CortexM3\ARM_GCC_493\Debug\Ezi2cDesign01.a(CySpc.o)
 .text.CySpcLoadRowFull
                0x00000000       0x74 .\CortexM3\ARM_GCC_493\Debug\Ezi2cDesign01.a(CySpc.o)
 .text.CySpcWriteRow
                0x00000000       0x44 .\CortexM3\ARM_GCC_493\Debug\Ezi2cDesign01.a(CySpc.o)
 .text.CySpcEraseSector
                0x00000000       0x3c .\CortexM3\ARM_GCC_493\Debug\Ezi2cDesign01.a(CySpc.o)
 .text.CySpcGetTemp
                0x00000000       0x38 .\CortexM3\ARM_GCC_493\Debug\Ezi2cDesign01.a(CySpc.o)
 .text.CySpcLock
                0x00000000       0x44 .\CortexM3\ARM_GCC_493\Debug\Ezi2cDesign01.a(CySpc.o)
 .text.CySpcUnlock
                0x00000000       0x34 .\CortexM3\ARM_GCC_493\Debug\Ezi2cDesign01.a(CySpc.o)
 .text.CySpcGetAlgorithm
                0x00000000       0x28 .\CortexM3\ARM_GCC_493\Debug\Ezi2cDesign01.a(CySpc.o)
 .text          0x00000000        0x0 c:/program files (x86)/cypress/psoc creator/3.3/psoc creator/import/gnu/arm/4.9.3/bin/../lib/gcc/arm-none-eabi/4.9.3/../../../../arm-none-eabi/lib/armv7-m\libg_nano.a(lib_a-errno.o)
 .data          0x00000000        0x0 c:/program files (x86)/cypress/psoc creator/3.3/psoc creator/import/gnu/arm/4.9.3/bin/../lib/gcc/arm-none-eabi/4.9.3/../../../../arm-none-eabi/lib/armv7-m\libg_nano.a(lib_a-errno.o)
 .bss           0x00000000        0x0 c:/program files (x86)/cypress/psoc creator/3.3/psoc creator/import/gnu/arm/4.9.3/bin/../lib/gcc/arm-none-eabi/4.9.3/../../../../arm-none-eabi/lib/armv7-m\libg_nano.a(lib_a-errno.o)
 .text.__errno  0x00000000        0xc c:/program files (x86)/cypress/psoc creator/3.3/psoc creator/import/gnu/arm/4.9.3/bin/../lib/gcc/arm-none-eabi/4.9.3/../../../../arm-none-eabi/lib/armv7-m\libg_nano.a(lib_a-errno.o)
 .text          0x00000000        0x0 c:/program files (x86)/cypress/psoc creator/3.3/psoc creator/import/gnu/arm/4.9.3/bin/../lib/gcc/arm-none-eabi/4.9.3/../../../../arm-none-eabi/lib/armv7-m\libg_nano.a(lib_a-exit.o)
 .data          0x00000000        0x0 c:/program files (x86)/cypress/psoc creator/3.3/psoc creator/import/gnu/arm/4.9.3/bin/../lib/gcc/arm-none-eabi/4.9.3/../../../../arm-none-eabi/lib/armv7-m\libg_nano.a(lib_a-exit.o)
 .bss           0x00000000        0x0 c:/program files (x86)/cypress/psoc creator/3.3/psoc creator/import/gnu/arm/4.9.3/bin/../lib/gcc/arm-none-eabi/4.9.3/../../../../arm-none-eabi/lib/armv7-m\libg_nano.a(lib_a-exit.o)
 .text.exit     0x00000000       0x28 c:/program files (x86)/cypress/psoc creator/3.3/psoc creator/import/gnu/arm/4.9.3/bin/../lib/gcc/arm-none-eabi/4.9.3/../../../../arm-none-eabi/lib/armv7-m\libg_nano.a(lib_a-exit.o)
 .text          0x00000000        0x0 c:/program files (x86)/cypress/psoc creator/3.3/psoc creator/import/gnu/arm/4.9.3/bin/../lib/gcc/arm-none-eabi/4.9.3/../../../../arm-none-eabi/lib/armv7-m\libg_nano.a(lib_a-impure.o)
 .data          0x00000000        0x0 c:/program files (x86)/cypress/psoc creator/3.3/psoc creator/import/gnu/arm/4.9.3/bin/../lib/gcc/arm-none-eabi/4.9.3/../../../../arm-none-eabi/lib/armv7-m\libg_nano.a(lib_a-impure.o)
 .bss           0x00000000        0x0 c:/program files (x86)/cypress/psoc creator/3.3/psoc creator/import/gnu/arm/4.9.3/bin/../lib/gcc/arm-none-eabi/4.9.3/../../../../arm-none-eabi/lib/armv7-m\libg_nano.a(lib_a-impure.o)
 .data.impure_data
                0x00000000       0x60 c:/program files (x86)/cypress/psoc creator/3.3/psoc creator/import/gnu/arm/4.9.3/bin/../lib/gcc/arm-none-eabi/4.9.3/../../../../arm-none-eabi/lib/armv7-m\libg_nano.a(lib_a-impure.o)
 .data._impure_ptr
                0x00000000        0x4 c:/program files (x86)/cypress/psoc creator/3.3/psoc creator/import/gnu/arm/4.9.3/bin/../lib/gcc/arm-none-eabi/4.9.3/../../../../arm-none-eabi/lib/armv7-m\libg_nano.a(lib_a-impure.o)
 .rodata.str1.1
                0x00000000        0x2 c:/program files (x86)/cypress/psoc creator/3.3/psoc creator/import/gnu/arm/4.9.3/bin/../lib/gcc/arm-none-eabi/4.9.3/../../../../arm-none-eabi/lib/armv7-m\libg_nano.a(lib_a-impure.o)
 .rodata._global_impure_ptr
                0x00000000        0x4 c:/program files (x86)/cypress/psoc creator/3.3/psoc creator/import/gnu/arm/4.9.3/bin/../lib/gcc/arm-none-eabi/4.9.3/../../../../arm-none-eabi/lib/armv7-m\libg_nano.a(lib_a-impure.o)
 .text          0x00000000        0x0 c:/program files (x86)/cypress/psoc creator/3.3/psoc creator/import/gnu/arm/4.9.3/bin/../lib/gcc/arm-none-eabi/4.9.3/../../../../arm-none-eabi/lib/armv7-m\libg_nano.a(lib_a-init.o)
 .data          0x00000000        0x0 c:/program files (x86)/cypress/psoc creator/3.3/psoc creator/import/gnu/arm/4.9.3/bin/../lib/gcc/arm-none-eabi/4.9.3/../../../../arm-none-eabi/lib/armv7-m\libg_nano.a(lib_a-init.o)
 .bss           0x00000000        0x0 c:/program files (x86)/cypress/psoc creator/3.3/psoc creator/import/gnu/arm/4.9.3/bin/../lib/gcc/arm-none-eabi/4.9.3/../../../../arm-none-eabi/lib/armv7-m\libg_nano.a(lib_a-init.o)
 .text          0x00000000        0x0 c:/program files (x86)/cypress/psoc creator/3.3/psoc creator/import/gnu/arm/4.9.3/bin/../lib/gcc/arm-none-eabi/4.9.3/../../../../arm-none-eabi/lib/armv7-m\libg_nano.a(lib_a-memset.o)
 .data          0x00000000        0x0 c:/program files (x86)/cypress/psoc creator/3.3/psoc creator/import/gnu/arm/4.9.3/bin/../lib/gcc/arm-none-eabi/4.9.3/../../../../arm-none-eabi/lib/armv7-m\libg_nano.a(lib_a-memset.o)
 .bss           0x00000000        0x0 c:/program files (x86)/cypress/psoc creator/3.3/psoc creator/import/gnu/arm/4.9.3/bin/../lib/gcc/arm-none-eabi/4.9.3/../../../../arm-none-eabi/lib/armv7-m\libg_nano.a(lib_a-memset.o)
 .text          0x00000000        0x0 c:/program files (x86)/cypress/psoc creator/3.3/psoc creator/import/gnu/arm/4.9.3/bin/../lib/gcc/arm-none-eabi/4.9.3/armv7-m/crtend.o
 .data          0x00000000        0x0 c:/program files (x86)/cypress/psoc creator/3.3/psoc creator/import/gnu/arm/4.9.3/bin/../lib/gcc/arm-none-eabi/4.9.3/armv7-m/crtend.o
 .bss           0x00000000        0x0 c:/program files (x86)/cypress/psoc creator/3.3/psoc creator/import/gnu/arm/4.9.3/bin/../lib/gcc/arm-none-eabi/4.9.3/armv7-m/crtend.o
 .text          0x00000000        0x0 c:/program files (x86)/cypress/psoc creator/3.3/psoc creator/import/gnu/arm/4.9.3/bin/../lib/gcc/arm-none-eabi/4.9.3/armv7-m/crtn.o
 .data          0x00000000        0x0 c:/program files (x86)/cypress/psoc creator/3.3/psoc creator/import/gnu/arm/4.9.3/bin/../lib/gcc/arm-none-eabi/4.9.3/armv7-m/crtn.o
 .bss           0x00000000        0x0 c:/program files (x86)/cypress/psoc creator/3.3/psoc creator/import/gnu/arm/4.9.3/bin/../lib/gcc/arm-none-eabi/4.9.3/armv7-m/crtn.o

Memory Configuration

Name             Origin             Length             Attributes
rom              0x00000000         0x00040000         xr
ram              0x1fff8000         0x00010000         xrw
*default*        0x00000000         0xffffffff

Linker script and memory map

LOAD c:/program files (x86)/cypress/psoc creator/3.3/psoc creator/import/gnu/arm/4.9.3/bin/../lib/gcc/arm-none-eabi/4.9.3/armv7-m/crti.o
LOAD c:/program files (x86)/cypress/psoc creator/3.3/psoc creator/import/gnu/arm/4.9.3/bin/../lib/gcc/arm-none-eabi/4.9.3/armv7-m/crtbegin.o
LOAD c:/program files (x86)/cypress/psoc creator/3.3/psoc creator/import/gnu/arm/4.9.3/bin/../lib/gcc/arm-none-eabi/4.9.3/../../../../arm-none-eabi/lib/armv7-m/crt0.o
START GROUP
LOAD .\CortexM3\ARM_GCC_493\Debug\main.o
LOAD .\CortexM3\ARM_GCC_493\Debug\cymetadata.o
LOAD .\CortexM3\ARM_GCC_493\Debug\Cm3Start.o
LOAD .\CortexM3\ARM_GCC_493\Debug\Ezi2cDesign01.a
LOAD C:\Program Files (x86)\Cypress\PSoC Creator\3.3\PSoC Creator\psoc\content\cycomponentlibrary\CyComponentLibrary.cylib\CortexM3\ARM_GCC_493\Debug\CyComponentLibrary.a
END GROUP
START GROUP
LOAD c:/program files (x86)/cypress/psoc creator/3.3/psoc creator/import/gnu/arm/4.9.3/bin/../lib/gcc/arm-none-eabi/4.9.3/armv7-m\libgcc.a
LOAD c:/program files (x86)/cypress/psoc creator/3.3/psoc creator/import/gnu/arm/4.9.3/bin/../lib/gcc/arm-none-eabi/4.9.3/../../../../arm-none-eabi/lib/armv7-m\libg_nano.a
LOAD c:/program files (x86)/cypress/psoc creator/3.3/psoc creator/import/gnu/arm/4.9.3/bin/../lib/gcc/arm-none-eabi/4.9.3/../../../../arm-none-eabi/lib/armv7-m\libc_nano.a
END GROUP
START GROUP
LOAD c:/program files (x86)/cypress/psoc creator/3.3/psoc creator/import/gnu/arm/4.9.3/bin/../lib/gcc/arm-none-eabi/4.9.3/armv7-m\libgcc.a
LOAD c:/program files (x86)/cypress/psoc creator/3.3/psoc creator/import/gnu/arm/4.9.3/bin/../lib/gcc/arm-none-eabi/4.9.3/../../../../arm-none-eabi/lib/armv7-m\libc_nano.a
END GROUP
LOAD c:/program files (x86)/cypress/psoc creator/3.3/psoc creator/import/gnu/arm/4.9.3/bin/../lib/gcc/arm-none-eabi/4.9.3/armv7-m/crtend.o
LOAD c:/program files (x86)/cypress/psoc creator/3.3/psoc creator/import/gnu/arm/4.9.3/bin/../lib/gcc/arm-none-eabi/4.9.3/armv7-m/crtn.o
START GROUP
LOAD c:/program files (x86)/cypress/psoc creator/3.3/psoc creator/import/gnu/arm/4.9.3/bin/../lib/gcc/arm-none-eabi/4.9.3/armv7-m\libgcc.a
LOAD c:/program files (x86)/cypress/psoc creator/3.3/psoc creator/import/gnu/arm/4.9.3/bin/../lib/gcc/arm-none-eabi/4.9.3/../../../../arm-none-eabi/lib/armv7-m\libc.a
LOAD c:/program files (x86)/cypress/psoc creator/3.3/psoc creator/import/gnu/arm/4.9.3/bin/../lib/gcc/arm-none-eabi/4.9.3/../../../../arm-none-eabi/lib/armv7-m\libnosys.a
END GROUP
                0x00000000                CY_APPL_ORIGIN = 0x0
                0x00000100                CY_FLASH_ROW_SIZE = 0x100
                0x00000020                CY_ECC_ROW_SIZE = 0x20
                0x00000000                CY_EE_IN_BTLDR = 0x0
                0x00000000                CY_APPL_LOADABLE = 0x0
                0x00000800                CY_EE_SIZE = 0x800
                0x00000001                CY_APPL_NUM = 0x1
                0x00000001                CY_APPL_MAX = 0x1
                0x00000040                CY_METADATA_SIZE = 0x40
                0x00000000                CY_APPL_LOADABLE = 0x0
                0x00000000                CY_CHECKSUM_EXCLUDE_SIZE = ALIGN (0x0, CY_FLASH_ROW_SIZE)
                0x1fff8368                PROVIDE (__cy_heap_start, _end)
                0x00000001                PROVIDE (__cy_region_num, ((__cy_regions_end - __cy_regions) / 0x10))
                0x20008000                PROVIDE (__cy_stack, (ORIGIN (ram) + 0x10000))
                0x20007800                PROVIDE (__cy_heap_end, (__cy_stack - 0x800))

.cybootloader   0x00000000        0x0
 *(.cybootloader)
                0x00000000                appl1_start = CY_APPL_ORIGIN?CY_APPL_ORIGIN:ALIGN (CY_FLASH_ROW_SIZE)
                0x0001ff00                appl2_start = (appl1_start + ALIGN ((((0x40000 - appl1_start) - (0x2 * CY_FLASH_ROW_SIZE)) / 0x2), CY_FLASH_ROW_SIZE))
                0x00000000                appl_start = (CY_APPL_NUM == 0x1)?appl1_start:appl2_start
                0x00000000                ecc_offset = ((appl_start / CY_FLASH_ROW_SIZE) * CY_ECC_ROW_SIZE)
                0x00000000                ee_offset = (CY_APPL_LOADABLE && ! (CY_EE_IN_BTLDR))?((CY_EE_SIZE / CY_APPL_MAX) * (CY_APPL_NUM - 0x1)):0x0
                0x00000800                ee_size = (CY_APPL_LOADABLE && ! (CY_EE_IN_BTLDR))?(CY_EE_SIZE / CY_APPL_MAX):CY_EE_SIZE
                0x00000000                PROVIDE (CY_ECC_OFFSET, ecc_offset)

.text           0x00000000      0xdb4
 CREATE_OBJECT_SYMBOLS
                0x00000000                PROVIDE (__cy_interrupt_vector, RomVectors)
 *(.romvectors)
 .romvectors    0x00000000       0x10 .\CortexM3\ARM_GCC_493\Debug\Cm3Start.o
                0x00000000                RomVectors
                0x00000001                ASSERT ((. != __cy_interrupt_vector), No interrupt vector)
                0x00000001                ASSERT (CY_APPL_ORIGIN?(SIZEOF (.cybootloader) <= CY_APPL_ORIGIN):0x1, Wrong image location)
                0x00000010                PROVIDE (__cy_reset, Reset)
 *(.text.Reset)
 .text.Reset    0x00000010       0x18 .\CortexM3\ARM_GCC_493\Debug\Cm3Start.o
                0x00000010                Reset
                0x00000001                ASSERT ((. != __cy_reset), No reset code)
 *(.dma_init)
                0x00000001                ASSERT ((((appl_start + .) <= 0x10000) || 0x1), DMA Init must be within the first 64k of flash)
 *(.text .text.* .gnu.linkonce.t.*)
 .text          0x00000028       0x5c c:/program files (x86)/cypress/psoc creator/3.3/psoc creator/import/gnu/arm/4.9.3/bin/../lib/gcc/arm-none-eabi/4.9.3/armv7-m/crtbegin.o
 .text.startup.main
                0x00000084       0x54 .\CortexM3\ARM_GCC_493\Debug\main.o
                0x00000084                main
 .text.IntDefaultHandler
                0x000000d8        0x4 .\CortexM3\ARM_GCC_493\Debug\Cm3Start.o
                0x000000d8                IntDefaultHandler
 .text.Start_c  0x000000dc       0x58 .\CortexM3\ARM_GCC_493\Debug\Cm3Start.o
                0x000000dc                Start_c
 .text.startup.initialize_psoc
                0x00000134       0x74 .\CortexM3\ARM_GCC_493\Debug\Cm3Start.o
                0x00000134                initialize_psoc
 .text.cyfitter_cfg
                0x000001a8      0x220 .\CortexM3\ARM_GCC_493\Debug\Ezi2cDesign01.a(cyfitter_cfg.o)
                0x000001a8                cyfitter_cfg
 .text.LCD_IsReady
                0x000003c8       0xe4 .\CortexM3\ARM_GCC_493\Debug\Ezi2cDesign01.a(LCD.o)
                0x000003c8                LCD_IsReady
 .text.LCD_PrintString
                0x000004ac       0x94 .\CortexM3\ARM_GCC_493\Debug\Ezi2cDesign01.a(LCD.o)
                0x000004ac                LCD_PrintString
 .text.LCD_Init
                0x00000540      0x2f8 .\CortexM3\ARM_GCC_493\Debug\Ezi2cDesign01.a(LCD.o)
                0x00000540                LCD_Init
 .text.LCD_Start
                0x00000838       0x70 .\CortexM3\ARM_GCC_493\Debug\Ezi2cDesign01.a(LCD.o)
                0x00000838                LCD_Start
 .text.LCD_Position
                0x000008a8       0xe4 .\CortexM3\ARM_GCC_493\Debug\Ezi2cDesign01.a(LCD.o)
                0x000008a8                LCD_Position
 *fill*         0x0000098c        0x4 
 .text          0x00000990       0x58 .\CortexM3\ARM_GCC_493\Debug\Ezi2cDesign01.a(CyBootAsmGnu.o)
                0x00000990                CyDelayCycles
                0x000009ce                CyEnterCriticalSection
                0x000009d6                CyExitCriticalSection
 .text.CyDelay  0x000009e8       0x48 .\CortexM3\ARM_GCC_493\Debug\Ezi2cDesign01.a(CyLib.o)
                0x000009e8                CyDelay
 .text.CyDelayUs
                0x00000a30       0x10 .\CortexM3\ARM_GCC_493\Debug\Ezi2cDesign01.a(CyLib.o)
                0x00000a30                CyDelayUs
 .text.CyIntSetVector
                0x00000a40       0x20 .\CortexM3\ARM_GCC_493\Debug\Ezi2cDesign01.a(CyLib.o)
                0x00000a40                CyIntSetVector
 .text.CyIntSetPriority
                0x00000a60       0x20 .\CortexM3\ARM_GCC_493\Debug\Ezi2cDesign01.a(CyLib.o)
                0x00000a60                CyIntSetPriority
 .text.EZI2C_Start
                0x00000a80       0xcc .\CortexM3\ARM_GCC_493\Debug\Ezi2cDesign01.a(EZI2C.o)
                0x00000a80                EZI2C_Start
 .text.EZI2C_GetActivity
                0x00000b4c       0x30 .\CortexM3\ARM_GCC_493\Debug\Ezi2cDesign01.a(EZI2C.o)
                0x00000b4c                EZI2C_GetActivity
 .text.EZI2C_SetBuffer1
                0x00000b7c       0x4c .\CortexM3\ARM_GCC_493\Debug\Ezi2cDesign01.a(EZI2C.o)
                0x00000b7c                EZI2C_SetBuffer1
 .text.EZI2C_ISR
                0x00000bc8      0x190 .\CortexM3\ARM_GCC_493\Debug\Ezi2cDesign01.a(EZI2C_INT.o)
                0x00000bc8                EZI2C_ISR
 .text.__libc_init_array
                0x00000d58       0x4c c:/program files (x86)/cypress/psoc creator/3.3/psoc creator/import/gnu/arm/4.9.3/bin/../lib/gcc/arm-none-eabi/4.9.3/../../../../arm-none-eabi/lib/armv7-m\libg_nano.a(lib_a-init.o)
                0x00000d58                __libc_init_array
 .text.memset   0x00000da4       0x10 c:/program files (x86)/cypress/psoc creator/3.3/psoc creator/import/gnu/arm/4.9.3/bin/../lib/gcc/arm-none-eabi/4.9.3/../../../../arm-none-eabi/lib/armv7-m\libg_nano.a(lib_a-memset.o)
                0x00000da4                memset
 *(.plt)
 *(.gnu.warning)
 *(.glue_7t)
 .glue_7t       0x00000000        0x0 linker stubs
 *(.glue_7)
 .glue_7        0x00000000        0x0 linker stubs
 *(.vfp11_veneer)
 .vfp11_veneer  0x00000000        0x0 linker stubs
 *(.bootloader)
 *(.ARM.extab* .gnu.linkonce.armextab.*)
 *(.gcc_except_table)

.v4_bx          0x00000db4        0x0
 .v4_bx         0x00000000        0x0 linker stubs

.iplt           0x00000db4        0x0
 .iplt          0x00000000        0x0 c:/program files (x86)/cypress/psoc creator/3.3/psoc creator/import/gnu/arm/4.9.3/bin/../lib/gcc/arm-none-eabi/4.9.3/armv7-m/crtbegin.o

.eh_frame_hdr
 *(.eh_frame_hdr)

.eh_frame       0x00000db4        0x4
 *(.eh_frame)
 .eh_frame      0x00000db4        0x0 c:/program files (x86)/cypress/psoc creator/3.3/psoc creator/import/gnu/arm/4.9.3/bin/../lib/gcc/arm-none-eabi/4.9.3/armv7-m/crtbegin.o
 .eh_frame      0x00000db4        0x4 c:/program files (x86)/cypress/psoc creator/3.3/psoc creator/import/gnu/arm/4.9.3/bin/../lib/gcc/arm-none-eabi/4.9.3/armv7-m/crtend.o
                0x00000db8                PROVIDE (__exidx_start, .)

.ARM.exidx
 *(.ARM.exidx* .gnu.linkonce.armexidx.*)
                0x00000db8                __exidx_end = .

.rodata         0x00000db8       0x90
 *(.rodata .rodata.* .gnu.linkonce.r.*)
 .rodata.str1.4
                0x00000db8       0x20 .\CortexM3\ARM_GCC_493\Debug\main.o
 .rodata        0x00000dd8       0x38 .\CortexM3\ARM_GCC_493\Debug\Ezi2cDesign01.a(cyfitter_cfg.o)
                0x00000e10                . = ALIGN (0x4)
 *(.init)
 .init          0x00000e10        0x4 c:/program files (x86)/cypress/psoc creator/3.3/psoc creator/import/gnu/arm/4.9.3/bin/../lib/gcc/arm-none-eabi/4.9.3/armv7-m/crti.o
                0x00000e10                _init
 .init          0x00000e14        0x8 c:/program files (x86)/cypress/psoc creator/3.3/psoc creator/import/gnu/arm/4.9.3/bin/../lib/gcc/arm-none-eabi/4.9.3/armv7-m/crtn.o
                0x00000e1c                . = ALIGN (0x4)
                0x00000e1c                __preinit_array_start = .
 *(.preinit_array)
                0x00000e1c                __preinit_array_end = .
                0x00000e1c                . = ALIGN (0x4)
                0x00000e1c                __init_array_start = .
 *(SORT(.init_array.*))
 *(.init_array)
 .init_array    0x00000e1c        0x4 c:/program files (x86)/cypress/psoc creator/3.3/psoc creator/import/gnu/arm/4.9.3/bin/../lib/gcc/arm-none-eabi/4.9.3/armv7-m/crtbegin.o
 .init_array    0x00000e20        0x4 .\CortexM3\ARM_GCC_493\Debug\Cm3Start.o
                0x00000e24                __init_array_end = .
                0x00000e24                . = ALIGN (0x4)
 *(.fini)
 .fini          0x00000e24        0x4 c:/program files (x86)/cypress/psoc creator/3.3/psoc creator/import/gnu/arm/4.9.3/bin/../lib/gcc/arm-none-eabi/4.9.3/armv7-m/crti.o
                0x00000e24                _fini
 .fini          0x00000e28        0x8 c:/program files (x86)/cypress/psoc creator/3.3/psoc creator/import/gnu/arm/4.9.3/bin/../lib/gcc/arm-none-eabi/4.9.3/armv7-m/crtn.o
                0x00000e30                . = ALIGN (0x4)
                0x00000e30                __fini_array_start = .
 *(.fini_array)
 .fini_array    0x00000e30        0x4 c:/program files (x86)/cypress/psoc creator/3.3/psoc creator/import/gnu/arm/4.9.3/bin/../lib/gcc/arm-none-eabi/4.9.3/armv7-m/crtbegin.o
 *(SORT(.fini_array.*))
                0x00000e34                __fini_array_end = .
                0x00000e34                . = ALIGN (0x4)
 *crtbegin.o(.ctors)
 *(EXCLUDE_FILE(*crtend.o) .ctors)
 *(SORT(.ctors.*))
 *crtend.o(.ctors)
                0x00000e34                . = ALIGN (0x4)
 *crtbegin.o(.dtors)
 *(EXCLUDE_FILE(*crtend.o) .dtors)
 *(SORT(.dtors.*))
 *crtend.o(.dtors)
                0x00000e34                . = ALIGN (0x4)
                0x00000e34                __cy_regions = .
                0x00000e34        0x4 LONG 0xe48 __cy_region_init_ram
                0x00000e38        0x4 LONG 0x1fff8108 __cy_region_start_data
                0x00000e3c        0x4 LONG 0x18 __cy_region_init_size_ram
                0x00000e40        0x4 LONG 0x248 __cy_region_zero_size_ram
                0x00000e44                __cy_regions_end = .
                0x00000e48                . = ALIGN (0x8)
 *fill*         0x00000e44        0x4 
                0x00000e48                _etext = .

.cy_checksum_exclude
                0x00000e48        0x0
 *(.cy_checksum_exclude)

.ramvectors     0x1fff8000      0x100
                0x1fff8000                __cy_region_start_ram = .
 *(.ramvectors)
 .ramvectors    0x1fff8000      0x100 .\CortexM3\ARM_GCC_493\Debug\Cm3Start.o
                0x1fff8000                CyRamVectors

.noinit         0x1fff8100        0x5
 *(.noinit)
 .noinit        0x1fff8100        0x4 .\CortexM3\ARM_GCC_493\Debug\Cm3Start.o
 .noinit        0x1fff8104        0x1 .\CortexM3\ARM_GCC_493\Debug\Ezi2cDesign01.a(CyLib.o)
                0x1fff8104                CyResetStatus

.data           0x1fff8108       0x18 load address 0x00000e48
                0x1fff8108                __cy_region_start_data = .
 *(.jcr)
 .jcr           0x1fff8108        0x0 c:/program files (x86)/cypress/psoc creator/3.3/psoc creator/import/gnu/arm/4.9.3/bin/../lib/gcc/arm-none-eabi/4.9.3/armv7-m/crtbegin.o
 .jcr           0x1fff8108        0x4 c:/program files (x86)/cypress/psoc creator/3.3/psoc creator/import/gnu/arm/4.9.3/bin/../lib/gcc/arm-none-eabi/4.9.3/armv7-m/crtend.o
 *(.got.plt)
 *(.got)
 *(.shdata)
 *(.data .data.* .gnu.linkonce.d.*)
 .data          0x1fff810c       0x10 .\CortexM3\ARM_GCC_493\Debug\Ezi2cDesign01.a(CyLib.o)
                0x1fff810c                cydelay_freq_mhz
                0x1fff8110                cydelay_32k_ms
                0x1fff8114                cydelay_freq_khz
                0x1fff8118                cydelay_freq_hz
                0x1fff8120                . = ALIGN (0x8)
 *fill*         0x1fff811c        0x4 
 *(.ram)
                0x1fff8120                _edata = .

.igot.plt       0x1fff8120        0x0 load address 0x00000e60
 .igot.plt      0x00000000        0x0 c:/program files (x86)/cypress/psoc creator/3.3/psoc creator/import/gnu/arm/4.9.3/bin/../lib/gcc/arm-none-eabi/4.9.3/armv7-m/crtbegin.o

.bss            0x1fff8120      0x248 load address 0x00000e60
                0x1fff8120                PROVIDE (__bss_start__, .)
 *(.shbss)
 *(.bss .bss.* .gnu.linkonce.b.*)
 .bss           0x1fff8120       0x1c c:/program files (x86)/cypress/psoc creator/3.3/psoc creator/import/gnu/arm/4.9.3/bin/../lib/gcc/arm-none-eabi/4.9.3/armv7-m/crtbegin.o
 .bss           0x1fff813c        0x2 .\CortexM3\ARM_GCC_493\Debug\Ezi2cDesign01.a(LCD.o)
                0x1fff813c                LCD_enableState
                0x1fff813d                LCD_initVar
 .bss           0x1fff813e        0x1 .\CortexM3\ARM_GCC_493\Debug\Ezi2cDesign01.a(EZI2C.o)
                0x1fff813e                EZI2C_initVar
 .bss           0x1fff813f        0x2 .\CortexM3\ARM_GCC_493\Debug\Ezi2cDesign01.a(EZI2C_INT.o)
 *(COMMON)
 *fill*         0x1fff8141        0x3 
 COMMON         0x1fff8144      0x210 .\CortexM3\ARM_GCC_493\Debug\main.o
                0x1fff8144                i2cBufferWrite
                0x1fff814c                MyArray
                0x1fff834c                ezi2cBuffer
                0x1fff8350                i2cBufferRead
 COMMON         0x1fff8354        0xd .\CortexM3\ARM_GCC_493\Debug\Ezi2cDesign01.a(EZI2C.o)
                0x1fff8354                EZI2C_bufSizeS1
                0x1fff8356                EZI2C_curState
                0x1fff8357                EZI2C_rwIndexS1
                0x1fff8358                EZI2C_wrProtectS1
                0x1fff835a                EZI2C_curStatus
                0x1fff835c                EZI2C_dataPtrS1
                0x1fff8360                EZI2C_rwOffsetS1
                0x1fff8368                . = ALIGN (0x8)
 *fill*         0x1fff8361        0x7 
 *(.ram.b)
                0x1fff8368                _end = .
                0x1fff8368                __end = .
                0x1fff8368                PROVIDE (end, .)
                0x1fff8368                PROVIDE (__bss_end__, .)
                0x00000e48                __cy_region_init_ram = LOADADDR (.data)
                0x00000018                __cy_region_init_size_ram = (_edata - ADDR (.data))
                0x00000248                __cy_region_zero_size_ram = (_end - _edata)

.heap           0x1fff8368       0x80 load address 0x00000e60
                0x1fff8368                . = _end
                0x1fff83e8                . = (. + 0x80)
 *fill*         0x1fff8368       0x80 
                0x1fff83e8                __cy_heap_limit = .

.stack          0x20007800      0x800
                0x20007800                __cy_stack_limit = .
                0x20008000                . = (. + 0x800)
 *fill*         0x20007800      0x800 
                0x00000001                ASSERT ((__cy_stack_limit >= __cy_heap_limit), region RAM overflowed with stack)
                0x00000000                cy_checksum_exclude_size = (CY_APPL_LOADABLE == 0x1)?SIZEOF (.cy_checksum_exclude):0x0
                0x00000001                ASSERT ((cy_checksum_exclude_size <= CY_CHECKSUM_EXCLUDE_SIZE), CY_BOOT: Section .cy_checksum_exclude size exceedes specified limit.)

.cyloadermeta
 *(.cyloadermeta)

.cyloadablemeta
 *(.cyloadablemeta)

.cyconfigecc    0x80000000       0xd0
 *(.cyconfigecc)
 .cyconfigecc   0x80000000       0xd0 .\CortexM3\ARM_GCC_493\Debug\cymetadata.o
                0x80000000                cy_meta_configecc

.cycustnvl      0x90000000        0x4
 *(.cycustnvl)
 .cycustnvl     0x90000000        0x4 .\CortexM3\ARM_GCC_493\Debug\cymetadata.o
                0x90000000                cy_meta_custnvl

.cywolatch      0x90100000        0x4
 *(.cywolatch)
 .cywolatch     0x90100000        0x4 .\CortexM3\ARM_GCC_493\Debug\cymetadata.o
                0x90100000                cy_meta_wonvl

.cyeeprom       0x90200000        0x0
 *(.cyeeprom)
                0x00000001                ASSERT ((. <= ((0x90200000 + ee_offset) + ee_size)), .cyeeprom data will not fit in EEPROM)

.cyflashprotect
                0x90400000      0x100
 *(.cyflashprotect)
 .cyflashprotect
                0x90400000      0x100 .\CortexM3\ARM_GCC_493\Debug\cymetadata.o
                0x90400000                cy_meta_flashprotect

.cymeta         0x90500000        0xc
 *(.cymeta)
 .cymeta        0x90500000        0xc .\CortexM3\ARM_GCC_493\Debug\cymetadata.o
                0x90500000                cy_metadata

.rel.dyn        0x00000e60        0x0 load address 0x9050000c
 .rel.iplt      0x00000000        0x0 c:/program files (x86)/cypress/psoc creator/3.3/psoc creator/import/gnu/arm/4.9.3/bin/../lib/gcc/arm-none-eabi/4.9.3/armv7-m/crtbegin.o

.stab
 *(.stab)

.stabstr
 *(.stabstr)

.debug
 *(.debug)

.line
 *(.line)

.debug_srcinfo
 *(.debug_srcinfo)

.debug_sfnames
 *(.debug_sfnames)

.debug_aranges  0x00000000      0x5e8
 *(.debug_aranges)
 .debug_aranges
                0x00000000       0x20 .\CortexM3\ARM_GCC_493\Debug\main.o
 .debug_aranges
                0x00000020       0x18 .\CortexM3\ARM_GCC_493\Debug\cymetadata.o
 .debug_aranges
                0x00000038       0x48 .\CortexM3\ARM_GCC_493\Debug\Cm3Start.o
 .debug_aranges
                0x00000080       0x28 .\CortexM3\ARM_GCC_493\Debug\Ezi2cDesign01.a(cyfitter_cfg.o)
 .debug_aranges
                0x000000a8       0x88 .\CortexM3\ARM_GCC_493\Debug\Ezi2cDesign01.a(LCD.o)
 .debug_aranges
                0x00000130       0x20 .\CortexM3\ARM_GCC_493\Debug\Ezi2cDesign01.a(CyBootAsmGnu.o)
 .debug_aranges
                0x00000150      0x288 .\CortexM3\ARM_GCC_493\Debug\Ezi2cDesign01.a(CyLib.o)
 .debug_aranges
                0x000003d8       0x78 .\CortexM3\ARM_GCC_493\Debug\Ezi2cDesign01.a(cyPm.o)
 .debug_aranges
                0x00000450       0x58 .\CortexM3\ARM_GCC_493\Debug\Ezi2cDesign01.a(EZI2C.o)
 .debug_aranges
                0x000004a8       0x38 .\CortexM3\ARM_GCC_493\Debug\Ezi2cDesign01.a(EZI2C_PM.o)
 .debug_aranges
                0x000004e0       0x20 .\CortexM3\ARM_GCC_493\Debug\Ezi2cDesign01.a(EZI2C_INT.o)
 .debug_aranges
                0x00000500       0x70 .\CortexM3\ARM_GCC_493\Debug\Ezi2cDesign01.a(CyFlash.o)
 .debug_aranges
                0x00000570       0x78 .\CortexM3\ARM_GCC_493\Debug\Ezi2cDesign01.a(CySpc.o)

.debug_pubnames
 *(.debug_pubnames)

.debug_info     0x00000000     0x5833
 *(.debug_info .gnu.linkonce.wi.*)
 .debug_info    0x00000000      0x282 .\CortexM3\ARM_GCC_493\Debug\main.o
 .debug_info    0x00000282      0x13a .\CortexM3\ARM_GCC_493\Debug\cymetadata.o
 .debug_info    0x000003bc      0x39f .\CortexM3\ARM_GCC_493\Debug\Cm3Start.o
 .debug_info    0x0000075b      0x4ab .\CortexM3\ARM_GCC_493\Debug\Ezi2cDesign01.a(cyfitter_cfg.o)
 .debug_info    0x00000c06     0x1457 .\CortexM3\ARM_GCC_493\Debug\Ezi2cDesign01.a(LCD.o)
 .debug_info    0x0000205d       0x9f .\CortexM3\ARM_GCC_493\Debug\Ezi2cDesign01.a(CyBootAsmGnu.o)
 .debug_info    0x000020fc     0x18df .\CortexM3\ARM_GCC_493\Debug\Ezi2cDesign01.a(CyLib.o)
 .debug_info    0x000039db      0xa0f .\CortexM3\ARM_GCC_493\Debug\Ezi2cDesign01.a(cyPm.o)
 .debug_info    0x000043ea      0x440 .\CortexM3\ARM_GCC_493\Debug\Ezi2cDesign01.a(EZI2C.o)
 .debug_info    0x0000482a      0x250 .\CortexM3\ARM_GCC_493\Debug\Ezi2cDesign01.a(EZI2C_PM.o)
 .debug_info    0x00004a7a      0x141 .\CortexM3\ARM_GCC_493\Debug\Ezi2cDesign01.a(EZI2C_INT.o)
 .debug_info    0x00004bbb      0x77d .\CortexM3\ARM_GCC_493\Debug\Ezi2cDesign01.a(CyFlash.o)
 .debug_info    0x00005338      0x4fb .\CortexM3\ARM_GCC_493\Debug\Ezi2cDesign01.a(CySpc.o)

.debug_abbrev   0x00000000     0x1717
 *(.debug_abbrev)
 .debug_abbrev  0x00000000      0x114 .\CortexM3\ARM_GCC_493\Debug\main.o
 .debug_abbrev  0x00000114       0x5d .\CortexM3\ARM_GCC_493\Debug\cymetadata.o
 .debug_abbrev  0x00000171      0x200 .\CortexM3\ARM_GCC_493\Debug\Cm3Start.o
 .debug_abbrev  0x00000371      0x227 .\CortexM3\ARM_GCC_493\Debug\Ezi2cDesign01.a(cyfitter_cfg.o)
 .debug_abbrev  0x00000598      0x298 .\CortexM3\ARM_GCC_493\Debug\Ezi2cDesign01.a(LCD.o)
 .debug_abbrev  0x00000830       0x14 .\CortexM3\ARM_GCC_493\Debug\Ezi2cDesign01.a(CyBootAsmGnu.o)
 .debug_abbrev  0x00000844      0x40e .\CortexM3\ARM_GCC_493\Debug\Ezi2cDesign01.a(CyLib.o)
 .debug_abbrev  0x00000c52      0x211 .\CortexM3\ARM_GCC_493\Debug\Ezi2cDesign01.a(cyPm.o)
 .debug_abbrev  0x00000e63      0x236 .\CortexM3\ARM_GCC_493\Debug\Ezi2cDesign01.a(EZI2C.o)
 .debug_abbrev  0x00001099      0x1a5 .\CortexM3\ARM_GCC_493\Debug\Ezi2cDesign01.a(EZI2C_PM.o)
 .debug_abbrev  0x0000123e       0x81 .\CortexM3\ARM_GCC_493\Debug\Ezi2cDesign01.a(EZI2C_INT.o)
 .debug_abbrev  0x000012bf      0x298 .\CortexM3\ARM_GCC_493\Debug\Ezi2cDesign01.a(CyFlash.o)
 .debug_abbrev  0x00001557      0x1c0 .\CortexM3\ARM_GCC_493\Debug\Ezi2cDesign01.a(CySpc.o)

.debug_line     0x00000000     0x25a8
 *(.debug_line)
 .debug_line    0x00000000      0x194 .\CortexM3\ARM_GCC_493\Debug\main.o
 .debug_line    0x00000194       0x53 .\CortexM3\ARM_GCC_493\Debug\cymetadata.o
 .debug_line    0x000001e7      0x230 .\CortexM3\ARM_GCC_493\Debug\Cm3Start.o
 .debug_line    0x00000417      0x1f2 .\CortexM3\ARM_GCC_493\Debug\Ezi2cDesign01.a(cyfitter_cfg.o)
 .debug_line    0x00000609      0x675 .\CortexM3\ARM_GCC_493\Debug\Ezi2cDesign01.a(LCD.o)
 .debug_line    0x00000c7e       0x7f .\CortexM3\ARM_GCC_493\Debug\Ezi2cDesign01.a(CyBootAsmGnu.o)
 .debug_line    0x00000cfd      0xadb .\CortexM3\ARM_GCC_493\Debug\Ezi2cDesign01.a(CyLib.o)
 .debug_line    0x000017d8      0x521 .\CortexM3\ARM_GCC_493\Debug\Ezi2cDesign01.a(cyPm.o)
 .debug_line    0x00001cf9      0x1cb .\CortexM3\ARM_GCC_493\Debug\Ezi2cDesign01.a(EZI2C.o)
 .debug_line    0x00001ec4      0x101 .\CortexM3\ARM_GCC_493\Debug\Ezi2cDesign01.a(EZI2C_PM.o)
 .debug_line    0x00001fc5       0xf4 .\CortexM3\ARM_GCC_493\Debug\Ezi2cDesign01.a(EZI2C_INT.o)
 .debug_line    0x000020b9      0x26f .\CortexM3\ARM_GCC_493\Debug\Ezi2cDesign01.a(CyFlash.o)
 .debug_line    0x00002328      0x280 .\CortexM3\ARM_GCC_493\Debug\Ezi2cDesign01.a(CySpc.o)

.debug_frame    0x00000000     0x12a8
 *(.debug_frame)
 .debug_frame   0x00000000       0x2c .\CortexM3\ARM_GCC_493\Debug\main.o
 .debug_frame   0x0000002c       0xac .\CortexM3\ARM_GCC_493\Debug\Cm3Start.o
 .debug_frame   0x000000d8       0x54 .\CortexM3\ARM_GCC_493\Debug\Ezi2cDesign01.a(cyfitter_cfg.o)
 .debug_frame   0x0000012c      0x20c .\CortexM3\ARM_GCC_493\Debug\Ezi2cDesign01.a(LCD.o)
 .debug_frame   0x00000338      0x744 .\CortexM3\ARM_GCC_493\Debug\Ezi2cDesign01.a(CyLib.o)
 .debug_frame   0x00000a7c      0x1f8 .\CortexM3\ARM_GCC_493\Debug\Ezi2cDesign01.a(cyPm.o)
 .debug_frame   0x00000c74      0x114 .\CortexM3\ARM_GCC_493\Debug\Ezi2cDesign01.a(EZI2C.o)
 .debug_frame   0x00000d88       0xa8 .\CortexM3\ARM_GCC_493\Debug\Ezi2cDesign01.a(EZI2C_PM.o)
 .debug_frame   0x00000e30       0x3c .\CortexM3\ARM_GCC_493\Debug\Ezi2cDesign01.a(EZI2C_INT.o)
 .debug_frame   0x00000e6c      0x1cc .\CortexM3\ARM_GCC_493\Debug\Ezi2cDesign01.a(CyFlash.o)
 .debug_frame   0x00001038      0x1dc .\CortexM3\ARM_GCC_493\Debug\Ezi2cDesign01.a(CySpc.o)
 .debug_frame   0x00001214       0x20 c:/program files (x86)/cypress/psoc creator/3.3/psoc creator/import/gnu/arm/4.9.3/bin/../lib/gcc/arm-none-eabi/4.9.3/../../../../arm-none-eabi/lib/armv7-m\libg_nano.a(lib_a-errno.o)
 .debug_frame   0x00001234       0x28 c:/program files (x86)/cypress/psoc creator/3.3/psoc creator/import/gnu/arm/4.9.3/bin/../lib/gcc/arm-none-eabi/4.9.3/../../../../arm-none-eabi/lib/armv7-m\libg_nano.a(lib_a-exit.o)
 .debug_frame   0x0000125c       0x2c c:/program files (x86)/cypress/psoc creator/3.3/psoc creator/import/gnu/arm/4.9.3/bin/../lib/gcc/arm-none-eabi/4.9.3/../../../../arm-none-eabi/lib/armv7-m\libg_nano.a(lib_a-init.o)
 .debug_frame   0x00001288       0x20 c:/program files (x86)/cypress/psoc creator/3.3/psoc creator/import/gnu/arm/4.9.3/bin/../lib/gcc/arm-none-eabi/4.9.3/../../../../arm-none-eabi/lib/armv7-m\libg_nano.a(lib_a-memset.o)

.debug_str      0x00000000     0x164a
 *(.debug_str)
 .debug_str     0x00000000      0x20f .\CortexM3\ARM_GCC_493\Debug\main.o
                                0x250 (size before relaxing)
 .debug_str     0x0000020f       0x77 .\CortexM3\ARM_GCC_493\Debug\cymetadata.o
                                0x1f9 (size before relaxing)
 .debug_str     0x00000286      0x16c .\CortexM3\ARM_GCC_493\Debug\Cm3Start.o
                                0x30d (size before relaxing)
 .debug_str     0x000003f2      0x14f .\CortexM3\ARM_GCC_493\Debug\Ezi2cDesign01.a(cyfitter_cfg.o)
                                0x30b (size before relaxing)
 .debug_str     0x00000541      0x15e .\CortexM3\ARM_GCC_493\Debug\Ezi2cDesign01.a(LCD.o)
                                0x32e (size before relaxing)
 .debug_str     0x0000069f      0x81d .\CortexM3\ARM_GCC_493\Debug\Ezi2cDesign01.a(CyLib.o)
                                0xa32 (size before relaxing)
 .debug_str     0x00000ebc      0x35b .\CortexM3\ARM_GCC_493\Debug\Ezi2cDesign01.a(cyPm.o)
                                0x72a (size before relaxing)
 .debug_str     0x00001217      0x14a .\CortexM3\ARM_GCC_493\Debug\Ezi2cDesign01.a(EZI2C.o)
                                0x3a3 (size before relaxing)
 .debug_str     0x00001361       0x62 .\CortexM3\ARM_GCC_493\Debug\Ezi2cDesign01.a(EZI2C_PM.o)
                                0x287 (size before relaxing)
 .debug_str     0x000013c3       0x3b .\CortexM3\ARM_GCC_493\Debug\Ezi2cDesign01.a(EZI2C_INT.o)
                                0x23b (size before relaxing)
 .debug_str     0x000013fe      0x19e .\CortexM3\ARM_GCC_493\Debug\Ezi2cDesign01.a(CyFlash.o)
                                0x3a4 (size before relaxing)
 .debug_str     0x0000159c       0xae .\CortexM3\ARM_GCC_493\Debug\Ezi2cDesign01.a(CySpc.o)
                                0x32d (size before relaxing)

.debug_loc      0x00000000     0x2c61
 *(.debug_loc)
 .debug_loc     0x00000000      0x19b .\CortexM3\ARM_GCC_493\Debug\Cm3Start.o
 .debug_loc     0x0000019b      0x147 .\CortexM3\ARM_GCC_493\Debug\Ezi2cDesign01.a(cyfitter_cfg.o)
 .debug_loc     0x000002e2      0xaba .\CortexM3\ARM_GCC_493\Debug\Ezi2cDesign01.a(LCD.o)
 .debug_loc     0x00000d9c      0xde0 .\CortexM3\ARM_GCC_493\Debug\Ezi2cDesign01.a(CyLib.o)
 .debug_loc     0x00001b7c      0x198 .\CortexM3\ARM_GCC_493\Debug\Ezi2cDesign01.a(cyPm.o)
 .debug_loc     0x00001d14       0xdf .\CortexM3\ARM_GCC_493\Debug\Ezi2cDesign01.a(EZI2C.o)
 .debug_loc     0x00001df3       0x26 .\CortexM3\ARM_GCC_493\Debug\Ezi2cDesign01.a(EZI2C_PM.o)
 .debug_loc     0x00001e19      0x6e2 .\CortexM3\ARM_GCC_493\Debug\Ezi2cDesign01.a(CyFlash.o)
 .debug_loc     0x000024fb      0x766 .\CortexM3\ARM_GCC_493\Debug\Ezi2cDesign01.a(CySpc.o)

.debug_macinfo
 *(.debug_macinfo)

.debug_ranges   0x00000000     0x1160
 *(.debug_ranges)
 .debug_ranges  0x00000000       0x10 .\CortexM3\ARM_GCC_493\Debug\main.o
 .debug_ranges  0x00000010       0x38 .\CortexM3\ARM_GCC_493\Debug\Cm3Start.o
 .debug_ranges  0x00000048      0x150 .\CortexM3\ARM_GCC_493\Debug\Ezi2cDesign01.a(cyfitter_cfg.o)
 .debug_ranges  0x00000198      0x760 .\CortexM3\ARM_GCC_493\Debug\Ezi2cDesign01.a(LCD.o)
 .debug_ranges  0x000008f8      0x548 .\CortexM3\ARM_GCC_493\Debug\Ezi2cDesign01.a(CyLib.o)
 .debug_ranges  0x00000e40      0x130 .\CortexM3\ARM_GCC_493\Debug\Ezi2cDesign01.a(cyPm.o)
 .debug_ranges  0x00000f70       0x60 .\CortexM3\ARM_GCC_493\Debug\Ezi2cDesign01.a(EZI2C.o)
 .debug_ranges  0x00000fd0       0x58 .\CortexM3\ARM_GCC_493\Debug\Ezi2cDesign01.a(EZI2C_PM.o)
 .debug_ranges  0x00001028       0x10 .\CortexM3\ARM_GCC_493\Debug\Ezi2cDesign01.a(EZI2C_INT.o)
 .debug_ranges  0x00001038       0xc0 .\CortexM3\ARM_GCC_493\Debug\Ezi2cDesign01.a(CyFlash.o)
 .debug_ranges  0x000010f8       0x68 .\CortexM3\ARM_GCC_493\Debug\Ezi2cDesign01.a(CySpc.o)

.comment        0x00000000       0x70
 .comment       0x00000000       0x70 .\CortexM3\ARM_GCC_493\Debug\main.o
                                 0x71 (size before relaxing)
 .comment       0x00000000       0x71 .\CortexM3\ARM_GCC_493\Debug\cymetadata.o
 .comment       0x00000000       0x71 .\CortexM3\ARM_GCC_493\Debug\Cm3Start.o
 .comment       0x00000000       0x71 .\CortexM3\ARM_GCC_493\Debug\Ezi2cDesign01.a(cyfitter_cfg.o)
 .comment       0x00000000       0x71 .\CortexM3\ARM_GCC_493\Debug\Ezi2cDesign01.a(LCD.o)
 .comment       0x00000000       0x71 .\CortexM3\ARM_GCC_493\Debug\Ezi2cDesign01.a(CyLib.o)
 .comment       0x00000000       0x71 .\CortexM3\ARM_GCC_493\Debug\Ezi2cDesign01.a(cyPm.o)
 .comment       0x00000000       0x71 .\CortexM3\ARM_GCC_493\Debug\Ezi2cDesign01.a(EZI2C.o)
 .comment       0x00000000       0x71 .\CortexM3\ARM_GCC_493\Debug\Ezi2cDesign01.a(EZI2C_PM.o)
 .comment       0x00000000       0x71 .\CortexM3\ARM_GCC_493\Debug\Ezi2cDesign01.a(EZI2C_INT.o)
 .comment       0x00000000       0x71 .\CortexM3\ARM_GCC_493\Debug\Ezi2cDesign01.a(CyFlash.o)
 .comment       0x00000000       0x71 .\CortexM3\ARM_GCC_493\Debug\Ezi2cDesign01.a(CySpc.o)

.debug_weaknames
 *(.debug_weaknames)

.debug_funcnames
 *(.debug_funcnames)

.debug_typenames
 *(.debug_typenames)

.debug_varnames
 *(.debug_varnames)

.note.gnu.arm.ident
 *(.note.gnu.arm.ident)

.ARM.attributes
                0x00000000       0x29
 *(.ARM.attributes)
 .ARM.attributes
                0x00000000       0x1d c:/program files (x86)/cypress/psoc creator/3.3/psoc creator/import/gnu/arm/4.9.3/bin/../lib/gcc/arm-none-eabi/4.9.3/armv7-m/crti.o
 .ARM.attributes
                0x0000001d       0x2d c:/program files (x86)/cypress/psoc creator/3.3/psoc creator/import/gnu/arm/4.9.3/bin/../lib/gcc/arm-none-eabi/4.9.3/armv7-m/crtbegin.o
 .ARM.attributes
                0x0000004a       0x1b c:/program files (x86)/cypress/psoc creator/3.3/psoc creator/import/gnu/arm/4.9.3/bin/../lib/gcc/arm-none-eabi/4.9.3/../../../../arm-none-eabi/lib/armv7-m/crt0.o
 .ARM.attributes
                0x00000065       0x33 .\CortexM3\ARM_GCC_493\Debug\main.o
 .ARM.attributes
                0x00000098       0x33 .\CortexM3\ARM_GCC_493\Debug\cymetadata.o
 .ARM.attributes
                0x000000cb       0x33 .\CortexM3\ARM_GCC_493\Debug\Cm3Start.o
 .ARM.attributes
                0x000000fe       0x33 .\CortexM3\ARM_GCC_493\Debug\Ezi2cDesign01.a(cyfitter_cfg.o)
 .ARM.attributes
                0x00000131       0x33 .\CortexM3\ARM_GCC_493\Debug\Ezi2cDesign01.a(LCD.o)
 .ARM.attributes
                0x00000164       0x21 .\CortexM3\ARM_GCC_493\Debug\Ezi2cDesign01.a(CyBootAsmGnu.o)
 .ARM.attributes
                0x00000185       0x33 .\CortexM3\ARM_GCC_493\Debug\Ezi2cDesign01.a(CyLib.o)
 .ARM.attributes
                0x000001b8       0x33 .\CortexM3\ARM_GCC_493\Debug\Ezi2cDesign01.a(cyPm.o)
 .ARM.attributes
                0x000001eb       0x33 .\CortexM3\ARM_GCC_493\Debug\Ezi2cDesign01.a(EZI2C.o)
 .ARM.attributes
                0x0000021e       0x33 .\CortexM3\ARM_GCC_493\Debug\Ezi2cDesign01.a(EZI2C_PM.o)
 .ARM.attributes
                0x00000251       0x33 .\CortexM3\ARM_GCC_493\Debug\Ezi2cDesign01.a(EZI2C_INT.o)
 .ARM.attributes
                0x00000284       0x33 .\CortexM3\ARM_GCC_493\Debug\Ezi2cDesign01.a(CyFlash.o)
 .ARM.attributes
                0x000002b7       0x33 .\CortexM3\ARM_GCC_493\Debug\Ezi2cDesign01.a(CySpc.o)
 .ARM.attributes
                0x000002ea       0x2d c:/program files (x86)/cypress/psoc creator/3.3/psoc creator/import/gnu/arm/4.9.3/bin/../lib/gcc/arm-none-eabi/4.9.3/../../../../arm-none-eabi/lib/armv7-m\libg_nano.a(lib_a-errno.o)
 .ARM.attributes
                0x00000317       0x2d c:/program files (x86)/cypress/psoc creator/3.3/psoc creator/import/gnu/arm/4.9.3/bin/../lib/gcc/arm-none-eabi/4.9.3/../../../../arm-none-eabi/lib/armv7-m\libg_nano.a(lib_a-exit.o)
 .ARM.attributes
                0x00000344       0x2d c:/program files (x86)/cypress/psoc creator/3.3/psoc creator/import/gnu/arm/4.9.3/bin/../lib/gcc/arm-none-eabi/4.9.3/../../../../arm-none-eabi/lib/armv7-m\libg_nano.a(lib_a-impure.o)
 .ARM.attributes
                0x00000371       0x2d c:/program files (x86)/cypress/psoc creator/3.3/psoc creator/import/gnu/arm/4.9.3/bin/../lib/gcc/arm-none-eabi/4.9.3/../../../../arm-none-eabi/lib/armv7-m\libg_nano.a(lib_a-init.o)
 .ARM.attributes
                0x0000039e       0x2d c:/program files (x86)/cypress/psoc creator/3.3/psoc creator/import/gnu/arm/4.9.3/bin/../lib/gcc/arm-none-eabi/4.9.3/../../../../arm-none-eabi/lib/armv7-m\libg_nano.a(lib_a-memset.o)
 .ARM.attributes
                0x000003cb       0x2d c:/program files (x86)/cypress/psoc creator/3.3/psoc creator/import/gnu/arm/4.9.3/bin/../lib/gcc/arm-none-eabi/4.9.3/armv7-m/crtend.o
 .ARM.attributes
                0x000003f8       0x1d c:/program files (x86)/cypress/psoc creator/3.3/psoc creator/import/gnu/arm/4.9.3/bin/../lib/gcc/arm-none-eabi/4.9.3/armv7-m/crtn.o

/DISCARD/
 *(.note.GNU-stack)
OUTPUT(.\CortexM3\ARM_GCC_493\Debug\Ezi2cDesign01.elf elf32-littlearm)
